Archive member included because of file (symbol)

d:/embedded_projects_atmega32/sdk_win_64/sdk_win_64/winavr/bin/../lib/gcc/avr/4.3.3/avr5\libgcc.a(_mulsi3.o)
                              ./HAL/LM35/LM35_program.o (__mulsi3)
d:/embedded_projects_atmega32/sdk_win_64/sdk_win_64/winavr/bin/../lib/gcc/avr/4.3.3/avr5\libgcc.a(_udivmodhi4.o)
                              ./HAL/LM35/LM35_program.o (__udivmodhi4)
d:/embedded_projects_atmega32/sdk_win_64/sdk_win_64/winavr/bin/../lib/gcc/avr/4.3.3/avr5\libgcc.a(_exit.o)
                              d:/embedded_projects_atmega32/sdk_win_64/sdk_win_64/winavr/bin/../lib/gcc/avr/4.3.3/../../../../avr/lib/avr5/crtm32.o (exit)
d:/embedded_projects_atmega32/sdk_win_64/sdk_win_64/winavr/bin/../lib/gcc/avr/4.3.3/avr5\libgcc.a(_copy_data.o)
                              ./HAL/SSD/SSD_program.o (__do_copy_data)
d:/embedded_projects_atmega32/sdk_win_64/sdk_win_64/winavr/bin/../lib/gcc/avr/4.3.3/avr5\libgcc.a(_clear_bss.o)
                              ./MCAL/TIMER/TIMER_program.o (__do_clear_bss)
d:/embedded_projects_atmega32/sdk_win_64/sdk_win_64/winavr/bin/../lib/gcc/avr/4.3.3/avr5\libgcc.a(_ashldi3.o)
                              ./HAL/CLCD/CLCD_progrem.o (__ashldi3)
d:/embedded_projects_atmega32/sdk_win_64/sdk_win_64/winavr/bin/../lib/gcc/avr/4.3.3/avr5\libgcc.a(_fixunssfsi.o)
                              ./HAL/KPD/KPD_program.o (__fixunssfsi)
d:/embedded_projects_atmega32/sdk_win_64/sdk_win_64/winavr/bin/../lib/gcc/avr/4.3.3/avr5\libgcc.a(_udivdi3.o)
                              ./HAL/CLCD/CLCD_progrem.o (__udivdi3)
d:/embedded_projects_atmega32/sdk_win_64/sdk_win_64/winavr/bin/../lib/gcc/avr/4.3.3/avr5\libgcc.a(_umoddi3.o)
                              ./HAL/CLCD/CLCD_progrem.o (__umoddi3)
d:/embedded_projects_atmega32/sdk_win_64/sdk_win_64/winavr/bin/../lib/gcc/avr/4.3.3/avr5\libgcc.a(_addsub_sf.o)
                              d:/embedded_projects_atmega32/sdk_win_64/sdk_win_64/winavr/bin/../lib/gcc/avr/4.3.3/avr5\libgcc.a(_fixunssfsi.o) (__subsf3)
d:/embedded_projects_atmega32/sdk_win_64/sdk_win_64/winavr/bin/../lib/gcc/avr/4.3.3/avr5\libgcc.a(_mul_sf.o)
                              ./HAL/KPD/KPD_program.o (__mulsf3)
d:/embedded_projects_atmega32/sdk_win_64/sdk_win_64/winavr/bin/../lib/gcc/avr/4.3.3/avr5\libgcc.a(_gt_sf.o)
                              ./HAL/KPD/KPD_program.o (__gtsf2)
d:/embedded_projects_atmega32/sdk_win_64/sdk_win_64/winavr/bin/../lib/gcc/avr/4.3.3/avr5\libgcc.a(_ge_sf.o)
                              d:/embedded_projects_atmega32/sdk_win_64/sdk_win_64/winavr/bin/../lib/gcc/avr/4.3.3/avr5\libgcc.a(_fixunssfsi.o) (__gesf2)
d:/embedded_projects_atmega32/sdk_win_64/sdk_win_64/winavr/bin/../lib/gcc/avr/4.3.3/avr5\libgcc.a(_lt_sf.o)
                              ./HAL/KPD/KPD_program.o (__ltsf2)
d:/embedded_projects_atmega32/sdk_win_64/sdk_win_64/winavr/bin/../lib/gcc/avr/4.3.3/avr5\libgcc.a(_sf_to_si.o)
                              d:/embedded_projects_atmega32/sdk_win_64/sdk_win_64/winavr/bin/../lib/gcc/avr/4.3.3/avr5\libgcc.a(_fixunssfsi.o) (__fixsfsi)
d:/embedded_projects_atmega32/sdk_win_64/sdk_win_64/winavr/bin/../lib/gcc/avr/4.3.3/avr5\libgcc.a(_thenan_sf.o)
                              d:/embedded_projects_atmega32/sdk_win_64/sdk_win_64/winavr/bin/../lib/gcc/avr/4.3.3/avr5\libgcc.a(_addsub_sf.o) (__thenan_sf)
d:/embedded_projects_atmega32/sdk_win_64/sdk_win_64/winavr/bin/../lib/gcc/avr/4.3.3/avr5\libgcc.a(_udivmodsi4.o)
                              d:/embedded_projects_atmega32/sdk_win_64/sdk_win_64/winavr/bin/../lib/gcc/avr/4.3.3/avr5\libgcc.a(_udivdi3.o) (__udivmodsi4)
d:/embedded_projects_atmega32/sdk_win_64/sdk_win_64/winavr/bin/../lib/gcc/avr/4.3.3/avr5\libgcc.a(_prologue.o)
                              d:/embedded_projects_atmega32/sdk_win_64/sdk_win_64/winavr/bin/../lib/gcc/avr/4.3.3/avr5\libgcc.a(_udivdi3.o) (__prologue_saves__)
d:/embedded_projects_atmega32/sdk_win_64/sdk_win_64/winavr/bin/../lib/gcc/avr/4.3.3/avr5\libgcc.a(_epilogue.o)
                              d:/embedded_projects_atmega32/sdk_win_64/sdk_win_64/winavr/bin/../lib/gcc/avr/4.3.3/avr5\libgcc.a(_udivdi3.o) (__epilogue_restores__)
d:/embedded_projects_atmega32/sdk_win_64/sdk_win_64/winavr/bin/../lib/gcc/avr/4.3.3/avr5\libgcc.a(_clz.o)
                              d:/embedded_projects_atmega32/sdk_win_64/sdk_win_64/winavr/bin/../lib/gcc/avr/4.3.3/avr5\libgcc.a(_udivdi3.o) (__clz_tab)
d:/embedded_projects_atmega32/sdk_win_64/sdk_win_64/winavr/bin/../lib/gcc/avr/4.3.3/avr5\libgcc.a(_pack_sf.o)
                              d:/embedded_projects_atmega32/sdk_win_64/sdk_win_64/winavr/bin/../lib/gcc/avr/4.3.3/avr5\libgcc.a(_addsub_sf.o) (__pack_f)
d:/embedded_projects_atmega32/sdk_win_64/sdk_win_64/winavr/bin/../lib/gcc/avr/4.3.3/avr5\libgcc.a(_unpack_sf.o)
                              d:/embedded_projects_atmega32/sdk_win_64/sdk_win_64/winavr/bin/../lib/gcc/avr/4.3.3/avr5\libgcc.a(_addsub_sf.o) (__unpack_f)
d:/embedded_projects_atmega32/sdk_win_64/sdk_win_64/winavr/bin/../lib/gcc/avr/4.3.3/avr5\libgcc.a(_fpcmp_parts_sf.o)
                              d:/embedded_projects_atmega32/sdk_win_64/sdk_win_64/winavr/bin/../lib/gcc/avr/4.3.3/avr5\libgcc.a(_gt_sf.o) (__fpcmp_parts_f)

Memory Configuration

Name             Origin             Length             Attributes
text             0x00000000         0x00020000         xr
data             0x00800060         0x0000ffa0         rw !x
eeprom           0x00810000         0x00010000         rw !x
fuse             0x00820000         0x00000400         rw !x
lock             0x00830000         0x00000400         rw !x
signature        0x00840000         0x00000400         rw !x
*default*        0x00000000         0xffffffff

Linker script and memory map

LOAD d:/embedded_projects_atmega32/sdk_win_64/sdk_win_64/winavr/bin/../lib/gcc/avr/4.3.3/../../../../avr/lib/avr5/crtm32.o
LOAD ./MCAL/TIMER/TIMER_program.o
LOAD ./MCAL/GPIO/GPIO_program.o
LOAD ./MCAL/GIE/GIE_program.o
LOAD ./MCAL/EXTI/EXTI_program.o
LOAD ./MCAL/ADC/ADC_program.o
LOAD ./HAL/SW/SW_program.o
LOAD ./HAL/SSD/SSD_program.o
LOAD ./HAL/LM35/LM35_program.o
LOAD ./HAL/LED/LED_program.o
LOAD ./HAL/KPD/KPD_program.o
LOAD ./HAL/DCMOTOR/DCMOTOR_program.o
LOAD ./HAL/CLCD/CLCD_progrem.o
LOAD ./HAL/BUZ/BUZ_program.o
LOAD ./main.o
LOAD d:/embedded_projects_atmega32/sdk_win_64/sdk_win_64/winavr/bin/../lib/gcc/avr/4.3.3/avr5\libgcc.a
LOAD d:/embedded_projects_atmega32/sdk_win_64/sdk_win_64/winavr/bin/../lib/gcc/avr/4.3.3/../../../../avr/lib/avr5\libc.a
LOAD d:/embedded_projects_atmega32/sdk_win_64/sdk_win_64/winavr/bin/../lib/gcc/avr/4.3.3/avr5\libgcc.a

.hash
 *(.hash)

.dynsym
 *(.dynsym)

.dynstr
 *(.dynstr)

.gnu.version
 *(.gnu.version)

.gnu.version_d
 *(.gnu.version_d)

.gnu.version_r
 *(.gnu.version_r)

.rel.init
 *(.rel.init)

.rela.init
 *(.rela.init)

.rel.text
 *(.rel.text)
 *(.rel.text.*)
 *(.rel.gnu.linkonce.t*)

.rela.text
 *(.rela.text)
 *(.rela.text.*)
 *(.rela.gnu.linkonce.t*)

.rel.fini
 *(.rel.fini)

.rela.fini
 *(.rela.fini)

.rel.rodata
 *(.rel.rodata)
 *(.rel.rodata.*)
 *(.rel.gnu.linkonce.r*)

.rela.rodata
 *(.rela.rodata)
 *(.rela.rodata.*)
 *(.rela.gnu.linkonce.r*)

.rel.data
 *(.rel.data)
 *(.rel.data.*)
 *(.rel.gnu.linkonce.d*)

.rela.data
 *(.rela.data)
 *(.rela.data.*)
 *(.rela.gnu.linkonce.d*)

.rel.ctors
 *(.rel.ctors)

.rela.ctors
 *(.rela.ctors)

.rel.dtors
 *(.rel.dtors)

.rela.dtors
 *(.rela.dtors)

.rel.got
 *(.rel.got)

.rela.got
 *(.rela.got)

.rel.bss
 *(.rel.bss)

.rela.bss
 *(.rela.bss)

.rel.plt
 *(.rel.plt)

.rela.plt
 *(.rela.plt)

.text           0x00000000     0x60d0
 *(.vectors)
 .vectors       0x00000000       0x54 d:/embedded_projects_atmega32/sdk_win_64/sdk_win_64/winavr/bin/../lib/gcc/avr/4.3.3/../../../../avr/lib/avr5/crtm32.o
                0x00000000                __vectors
                0x00000000                __vector_default
 *(.vectors)
 *(.progmem.gcc*)
 *(.progmem*)
                0x00000054                . = ALIGN (0x2)
                0x00000054                __trampolines_start = .
 *(.trampolines)
 .trampolines   0x00000054        0x0 linker stubs
 *(.trampolines*)
                0x00000054                __trampolines_end = .
 *(.jumptables)
 *(.jumptables*)
 *(.lowtext)
 *(.lowtext*)
                0x00000054                __ctors_start = .
 *(.ctors)
                0x00000054                __ctors_end = .
                0x00000054                __dtors_start = .
 *(.dtors)
                0x00000054                __dtors_end = .
 SORT(*)(.ctors)
 SORT(*)(.dtors)
 *(.init0)
 .init0         0x00000054        0x0 d:/embedded_projects_atmega32/sdk_win_64/sdk_win_64/winavr/bin/../lib/gcc/avr/4.3.3/../../../../avr/lib/avr5/crtm32.o
                0x00000054                __init
 *(.init0)
 *(.init1)
 *(.init1)
 *(.init2)
 .init2         0x00000054        0xc d:/embedded_projects_atmega32/sdk_win_64/sdk_win_64/winavr/bin/../lib/gcc/avr/4.3.3/../../../../avr/lib/avr5/crtm32.o
 *(.init2)
 *(.init3)
 *(.init3)
 *(.init4)
 .init4         0x00000060       0x16 d:/embedded_projects_atmega32/sdk_win_64/sdk_win_64/winavr/bin/../lib/gcc/avr/4.3.3/avr5\libgcc.a(_copy_data.o)
                0x00000060                __do_copy_data
 .init4         0x00000076       0x10 d:/embedded_projects_atmega32/sdk_win_64/sdk_win_64/winavr/bin/../lib/gcc/avr/4.3.3/avr5\libgcc.a(_clear_bss.o)
                0x00000076                __do_clear_bss
 *(.init4)
 *(.init5)
 *(.init5)
 *(.init6)
 *(.init6)
 *(.init7)
 *(.init7)
 *(.init8)
 *(.init8)
 *(.init9)
 .init9         0x00000086        0x8 d:/embedded_projects_atmega32/sdk_win_64/sdk_win_64/winavr/bin/../lib/gcc/avr/4.3.3/../../../../avr/lib/avr5/crtm32.o
 *(.init9)
 *(.text)
 .text          0x0000008e        0x4 d:/embedded_projects_atmega32/sdk_win_64/sdk_win_64/winavr/bin/../lib/gcc/avr/4.3.3/../../../../avr/lib/avr5/crtm32.o
                0x0000008e                __vector_12
                0x0000008e                __bad_interrupt
                0x0000008e                __vector_6
                0x0000008e                __vector_13
                0x0000008e                __vector_17
                0x0000008e                __vector_19
                0x0000008e                __vector_7
                0x0000008e                __vector_5
                0x0000008e                __vector_4
                0x0000008e                __vector_9
                0x0000008e                __vector_15
                0x0000008e                __vector_8
                0x0000008e                __vector_14
                0x0000008e                __vector_18
                0x0000008e                __vector_20
 .text          0x00000092        0x0 ./MCAL/TIMER/TIMER_program.o
 .text          0x00000092        0x0 ./MCAL/GPIO/GPIO_program.o
 .text          0x00000092        0x0 ./MCAL/GIE/GIE_program.o
 .text          0x00000092        0x0 ./MCAL/EXTI/EXTI_program.o
 .text          0x00000092        0x0 ./MCAL/ADC/ADC_program.o
 .text          0x00000092        0x0 ./HAL/SW/SW_program.o
 .text          0x00000092        0x0 ./HAL/SSD/SSD_program.o
 .text          0x00000092        0x0 ./HAL/LM35/LM35_program.o
 .text          0x00000092        0x0 ./HAL/LED/LED_program.o
 .text          0x00000092        0x0 ./HAL/KPD/KPD_program.o
 .text          0x00000092        0x0 ./HAL/DCMOTOR/DCMOTOR_program.o
 .text          0x00000092        0x0 ./HAL/CLCD/CLCD_progrem.o
 .text          0x00000092        0x0 ./HAL/BUZ/BUZ_program.o
 .text          0x00000092        0x0 ./main.o
 .text          0x00000092        0x0 d:/embedded_projects_atmega32/sdk_win_64/sdk_win_64/winavr/bin/../lib/gcc/avr/4.3.3/avr5\libgcc.a(_mulsi3.o)
 .text          0x00000092        0x0 d:/embedded_projects_atmega32/sdk_win_64/sdk_win_64/winavr/bin/../lib/gcc/avr/4.3.3/avr5\libgcc.a(_udivmodhi4.o)
 .text          0x00000092        0x0 d:/embedded_projects_atmega32/sdk_win_64/sdk_win_64/winavr/bin/../lib/gcc/avr/4.3.3/avr5\libgcc.a(_exit.o)
 .text          0x00000092        0x0 d:/embedded_projects_atmega32/sdk_win_64/sdk_win_64/winavr/bin/../lib/gcc/avr/4.3.3/avr5\libgcc.a(_copy_data.o)
 .text          0x00000092        0x0 d:/embedded_projects_atmega32/sdk_win_64/sdk_win_64/winavr/bin/../lib/gcc/avr/4.3.3/avr5\libgcc.a(_clear_bss.o)
 .text          0x00000092       0xfe d:/embedded_projects_atmega32/sdk_win_64/sdk_win_64/winavr/bin/../lib/gcc/avr/4.3.3/avr5\libgcc.a(_ashldi3.o)
                0x00000092                __ashldi3
 .text          0x00000190       0x58 d:/embedded_projects_atmega32/sdk_win_64/sdk_win_64/winavr/bin/../lib/gcc/avr/4.3.3/avr5\libgcc.a(_fixunssfsi.o)
                0x00000190                __fixunssfsi
 .text          0x000001e8      0xcea d:/embedded_projects_atmega32/sdk_win_64/sdk_win_64/winavr/bin/../lib/gcc/avr/4.3.3/avr5\libgcc.a(_udivdi3.o)
                0x000001e8                __udivdi3
 .text          0x00000ed2      0xce0 d:/embedded_projects_atmega32/sdk_win_64/sdk_win_64/winavr/bin/../lib/gcc/avr/4.3.3/avr5\libgcc.a(_umoddi3.o)
                0x00000ed2                __umoddi3
 .text          0x00001bb2      0x354 d:/embedded_projects_atmega32/sdk_win_64/sdk_win_64/winavr/bin/../lib/gcc/avr/4.3.3/avr5\libgcc.a(_addsub_sf.o)
                0x00001e4a                __subsf3
                0x00001eac                __addsf3
 .text          0x00001f06      0x1f4 d:/embedded_projects_atmega32/sdk_win_64/sdk_win_64/winavr/bin/../lib/gcc/avr/4.3.3/avr5\libgcc.a(_mul_sf.o)
                0x00001f06                __mulsf3
 .text          0x000020fa       0x60 d:/embedded_projects_atmega32/sdk_win_64/sdk_win_64/winavr/bin/../lib/gcc/avr/4.3.3/avr5\libgcc.a(_gt_sf.o)
                0x000020fa                __gtsf2
 .text          0x0000215a       0x60 d:/embedded_projects_atmega32/sdk_win_64/sdk_win_64/winavr/bin/../lib/gcc/avr/4.3.3/avr5\libgcc.a(_ge_sf.o)
                0x0000215a                __gesf2
 .text          0x000021ba       0x60 d:/embedded_projects_atmega32/sdk_win_64/sdk_win_64/winavr/bin/../lib/gcc/avr/4.3.3/avr5\libgcc.a(_lt_sf.o)
                0x000021ba                __ltsf2
 .text          0x0000221a       0xa8 d:/embedded_projects_atmega32/sdk_win_64/sdk_win_64/winavr/bin/../lib/gcc/avr/4.3.3/avr5\libgcc.a(_sf_to_si.o)
                0x0000221a                __fixsfsi
 .text          0x000022c2        0x0 d:/embedded_projects_atmega32/sdk_win_64/sdk_win_64/winavr/bin/../lib/gcc/avr/4.3.3/avr5\libgcc.a(_thenan_sf.o)
 .text          0x000022c2        0x0 d:/embedded_projects_atmega32/sdk_win_64/sdk_win_64/winavr/bin/../lib/gcc/avr/4.3.3/avr5\libgcc.a(_udivmodsi4.o)
 .text          0x000022c2        0x0 d:/embedded_projects_atmega32/sdk_win_64/sdk_win_64/winavr/bin/../lib/gcc/avr/4.3.3/avr5\libgcc.a(_prologue.o)
 .text          0x000022c2        0x0 d:/embedded_projects_atmega32/sdk_win_64/sdk_win_64/winavr/bin/../lib/gcc/avr/4.3.3/avr5\libgcc.a(_epilogue.o)
 .text          0x000022c2        0x0 d:/embedded_projects_atmega32/sdk_win_64/sdk_win_64/winavr/bin/../lib/gcc/avr/4.3.3/avr5\libgcc.a(_clz.o)
 .text          0x000022c2      0x1aa d:/embedded_projects_atmega32/sdk_win_64/sdk_win_64/winavr/bin/../lib/gcc/avr/4.3.3/avr5\libgcc.a(_pack_sf.o)
                0x000022c2                __pack_f
 .text          0x0000246c       0xf0 d:/embedded_projects_atmega32/sdk_win_64/sdk_win_64/winavr/bin/../lib/gcc/avr/4.3.3/avr5\libgcc.a(_unpack_sf.o)
                0x0000246c                __unpack_f
 .text          0x0000255c       0xb2 d:/embedded_projects_atmega32/sdk_win_64/sdk_win_64/winavr/bin/../lib/gcc/avr/4.3.3/avr5\libgcc.a(_fpcmp_parts_sf.o)
                0x0000255c                __fpcmp_parts_f
                0x0000260e                . = ALIGN (0x2)
 *(.text.*)
 .text.TIMER0_voidInit
                0x0000260e       0x6a ./MCAL/TIMER/TIMER_program.o
                0x0000260e                TIMER0_voidInit
 .text.TIMER0_voidSetPreload
                0x00002678       0x1c ./MCAL/TIMER/TIMER_program.o
                0x00002678                TIMER0_voidSetPreload
 .text.TIMER0_voidSetCTC
                0x00002694       0x1c ./MCAL/TIMER/TIMER_program.o
                0x00002694                TIMER0_voidSetCTC
 .text.TIMER0_u8GetTimerCounterValue
                0x000026b0       0x14 ./MCAL/TIMER/TIMER_program.o
                0x000026b0                TIMER0_u8GetTimerCounterValue
 .text.TIMER_u8SetCallBack
                0x000026c4       0x4a ./MCAL/TIMER/TIMER_program.o
                0x000026c4                TIMER_u8SetCallBack
 .text.__vector_11
                0x0000270e       0x66 ./MCAL/TIMER/TIMER_program.o
                0x0000270e                __vector_11
 .text.__vector_10
                0x00002774       0x66 ./MCAL/TIMER/TIMER_program.o
                0x00002774                __vector_10
 .text.GPIO_enumSetPinDirection
                0x000027da      0x21e ./MCAL/GPIO/GPIO_program.o
                0x000027da                GPIO_enumSetPinDirection
 .text.GPIO_enumSetPinValue
                0x000029f8      0x21e ./MCAL/GPIO/GPIO_program.o
                0x000029f8                GPIO_enumSetPinValue
 .text.GPIO_enumGetPinValue
                0x00002c16      0x132 ./MCAL/GPIO/GPIO_program.o
                0x00002c16                GPIO_enumGetPinValue
 .text.GPIO_enumTogglePinValue
                0x00002d48      0x118 ./MCAL/GPIO/GPIO_program.o
                0x00002d48                GPIO_enumTogglePinValue
 .text.GPIO_enumSetPortDirection
                0x00002e60       0x96 ./MCAL/GPIO/GPIO_program.o
                0x00002e60                GPIO_enumSetPortDirection
 .text.GPIO_enumSetPortValue
                0x00002ef6       0x96 ./MCAL/GPIO/GPIO_program.o
                0x00002ef6                GPIO_enumSetPortValue
 .text.GPIO_enumGetPortValue
                0x00002f8c       0xb4 ./MCAL/GPIO/GPIO_program.o
                0x00002f8c                GPIO_enumGetPortValue
 .text.GPIO_enumTogglePortValue
                0x00003040       0xaa ./MCAL/GPIO/GPIO_program.o
                0x00003040                GPIO_enumTogglePortValue
 .text.GPIO_enumWriteHighNibbles
                0x000030ea      0x142 ./MCAL/GPIO/GPIO_program.o
                0x000030ea                GPIO_enumWriteHighNibbles
 .text.GPIO_enumWriteLowNibbles
                0x0000322c      0x11a ./MCAL/GPIO/GPIO_program.o
                0x0000322c                GPIO_enumWriteLowNibbles
 .text.GIE_VoidEnable
                0x00003346       0x1c ./MCAL/GIE/GIE_program.o
                0x00003346                GIE_VoidEnable
 .text.GIE_VoidDisable
                0x00003362       0x1c ./MCAL/GIE/GIE_program.o
                0x00003362                GIE_VoidDisable
 .text.EXTI_voidInit
                0x0000337e       0x5c ./MCAL/EXTI/EXTI_program.o
                0x0000337e                EXTI_voidInit
 .text.EXTI_voidDisableInterrupt
                0x000033da       0x48 ./MCAL/EXTI/EXTI_program.o
                0x000033da                EXTI_voidDisableInterrupt
 .text.EXTI_voidEnableInterrupt
                0x00003422       0x46 ./MCAL/EXTI/EXTI_program.o
                0x00003422                EXTI_voidEnableInterrupt
 .text.EXTI_voidSetSignalLatch
                0x00003468      0x216 ./MCAL/EXTI/EXTI_program.o
                0x00003468                EXTI_voidSetSignalLatch
 .text.EXTI_voidClearFlag
                0x0000367e       0x46 ./MCAL/EXTI/EXTI_program.o
                0x0000367e                EXTI_voidClearFlag
 .text.EXTI_voidSetCallBack
                0x000036c4       0x8a ./MCAL/EXTI/EXTI_program.o
                0x000036c4                EXTI_voidSetCallBack
 .text.__vector_1
                0x0000374e       0x6c ./MCAL/EXTI/EXTI_program.o
                0x0000374e                __vector_1
 .text.__vector_2
                0x000037ba       0x6c ./MCAL/EXTI/EXTI_program.o
                0x000037ba                __vector_2
 .text.__vector_3
                0x00003826       0x6c ./MCAL/EXTI/EXTI_program.o
                0x00003826                __vector_3
 .text.ADC_voidInit
                0x00003892       0x2c ./MCAL/ADC/ADC_program.o
                0x00003892                ADC_voidInit
 .text.ADC_u8GetResultSync
                0x000038be       0xf4 ./MCAL/ADC/ADC_program.o
                0x000038be                ADC_u8GetResultSync
 .text.ADC_u8StartConversionAsynch
                0x000039b2       0x88 ./MCAL/ADC/ADC_program.o
                0x000039b2                ADC_u8StartConversionAsynch
 .text.ADC_u8StartChainAsynch
                0x00003a3a       0xda ./MCAL/ADC/ADC_program.o
                0x00003a3a                ADC_u8StartChainAsynch
 .text.ADC_voidEnable
                0x00003b14       0x1c ./MCAL/ADC/ADC_program.o
                0x00003b14                ADC_voidEnable
 .text.ADC_voidDisable
                0x00003b30       0x1c ./MCAL/ADC/ADC_program.o
                0x00003b30                ADC_voidDisable
 .text.ADC_voidInterruptEnable
                0x00003b4c       0x1c ./MCAL/ADC/ADC_program.o
                0x00003b4c                ADC_voidInterruptEnable
 .text.ADC_voidInterruptDisable
                0x00003b68       0x1c ./MCAL/ADC/ADC_program.o
                0x00003b68                ADC_voidInterruptDisable
 .text.ADC_u8SetPrescaler
                0x00003b84       0x3e ./MCAL/ADC/ADC_program.o
                0x00003b84                ADC_u8SetPrescaler
 .text.ADC_u8SetChannel
                0x00003bc2       0x3e ./MCAL/ADC/ADC_program.o
                0x00003bc2                ADC_u8SetChannel
 .text.ADC_voidSetRefranceVoltage
                0x00003c00       0x98 ./MCAL/ADC/ADC_program.o
                0x00003c00                ADC_voidSetRefranceVoltage
 .text.ADC_voidSetAdjustResult
                0x00003c98       0x56 ./MCAL/ADC/ADC_program.o
                0x00003c98                ADC_voidSetAdjustResult
 .text.ADC_u16GetResult
                0x00003cee       0x76 ./MCAL/ADC/ADC_program.o
                0x00003cee                ADC_u16GetResult
 .text.__vector_16
                0x00003d64       0xfa ./MCAL/ADC/ADC_program.o
                0x00003d64                __vector_16
 .text.SW_voidInit
                0x00003e5e       0x2a ./HAL/SW/SW_program.o
                0x00003e5e                SW_voidInit
 .text.SW_u8GetPressed
                0x00003e88       0x72 ./HAL/SW/SW_program.o
                0x00003e88                SW_u8GetPressed
 .text.SSD_voidInitDataPort
                0x00003efa       0x2a ./HAL/SSD/SSD_program.o
                0x00003efa                SSD_voidInitDataPort
 .text.SSD_voidEnable
                0x00003f24       0x60 ./HAL/SSD/SSD_program.o
                0x00003f24                SSD_voidEnable
 .text.SSD_voidInitDisable
                0x00003f84       0x60 ./HAL/SSD/SSD_program.o
                0x00003f84                SSD_voidInitDisable
 .text.SSD_voidSendNumber
                0x00003fe4       0x6a ./HAL/SSD/SSD_program.o
                0x00003fe4                SSD_voidSendNumber
 .text.SSD_voidWithDecoder
                0x0000404e       0x3c ./HAL/SSD/SSD_program.o
                0x0000404e                SSD_voidWithDecoder
 .text.LM35_u8GetTemp
                0x0000408a      0x11e ./HAL/LM35/LM35_program.o
                0x0000408a                LM35_u8GetTemp
 .text.LED_voidInit
                0x000041a8       0x2a ./HAL/LED/LED_program.o
                0x000041a8                LED_voidInit
 .text.LED_voidOn
                0x000041d2       0x44 ./HAL/LED/LED_program.o
                0x000041d2                LED_voidOn
 .text.LED_voidOff
                0x00004216       0x44 ./HAL/LED/LED_program.o
                0x00004216                LED_voidOff
 .text.LED_voidToggle
                0x0000425a       0x28 ./HAL/LED/LED_program.o
                0x0000425a                LED_voidToggle
 .text.KPD_Init
                0x00004282       0xae ./HAL/KPD/KPD_program.o
                0x00004282                KPD_Init
 .text.KPD_u8GetPressed
                0x00004330      0x1cc ./HAL/KPD/KPD_program.o
                0x00004330                KPD_u8GetPressed
 .text.DCMOTOR_voidInit
                0x000044fc       0x40 ./HAL/DCMOTOR/DCMOTOR_program.o
                0x000044fc                DCMOTOR_voidInit
 .text.DCMOTOR_u8Control
                0x0000453c       0xd4 ./HAL/DCMOTOR/DCMOTOR_program.o
                0x0000453c                DCMOTOR_u8Control
 .text.CLCD_voidInit
                0x00004610      0x524 ./HAL/CLCD/CLCD_progrem.o
                0x00004610                CLCD_voidInit
 .text.CLCD_voidSendData
                0x00004b34      0x136 ./HAL/CLCD/CLCD_progrem.o
                0x00004b34                CLCD_voidSendData
 .text.CLCD_voidSendString
                0x00004c6a       0x3a ./HAL/CLCD/CLCD_progrem.o
                0x00004c6a                CLCD_voidSendString
 .text.CLCD_voidSendNumber
                0x00004ca4      0x87c ./HAL/CLCD/CLCD_progrem.o
                0x00004ca4                CLCD_voidSendNumber
 .text.CLCD_voidSendExtraChar
                0x00005520       0x64 ./HAL/CLCD/CLCD_progrem.o
                0x00005520                CLCD_voidSendExtraChar
 .text.CLCD_voidSetPosition
                0x00005584       0x8a ./HAL/CLCD/CLCD_progrem.o
                0x00005584                CLCD_voidSetPosition
 .text.CLCD_voidSendCommand
                0x0000560e      0x136 ./HAL/CLCD/CLCD_progrem.o
                0x0000560e                CLCD_voidSendCommand
 .text.CLCD_voidClearScreen
                0x00005744      0x110 ./HAL/CLCD/CLCD_progrem.o
                0x00005744                CLCD_voidClearScreen
 .text.CLCD_voidSendFallingEdge
                0x00005854      0x202 ./HAL/CLCD/CLCD_progrem.o
 .text.BUZ_voidInit
                0x00005a56       0x2a ./HAL/BUZ/BUZ_program.o
                0x00005a56                BUZ_voidInit
 .text.BUZ_voidOn
                0x00005a80       0x44 ./HAL/BUZ/BUZ_program.o
                0x00005a80                BUZ_voidOn
 .text.BUZ_voidOff
                0x00005ac4       0x44 ./HAL/BUZ/BUZ_program.o
                0x00005ac4                BUZ_voidOff
 .text.BUZ_voidToggle
                0x00005b08       0x28 ./HAL/BUZ/BUZ_program.o
                0x00005b08                BUZ_voidToggle
 .text.main     0x00005b30       0x86 ./main.o
                0x00005b30                main
 .text.app      0x00005bb6       0x42 ./main.o
                0x00005bb6                app
 .text.Display_Menu
                0x00005bf8       0x7a ./main.o
                0x00005bf8                Display_Menu
 .text.Motor1   0x00005c72       0x8a ./main.o
                0x00005c72                Motor1
 .text.Motor2   0x00005cfc       0x8a ./main.o
                0x00005cfc                Motor2
 .text.Print_Motor_Direction
                0x00005d86       0x7a ./main.o
                0x00005d86                Print_Motor_Direction
 .text.Select_Motor_Direction
                0x00005e00      0x14a ./main.o
                0x00005e00                Select_Motor_Direction
 .text.Select_Motor_Speed
                0x00005f4a       0x6a ./main.o
                0x00005f4a                Select_Motor_Speed
 .text.libgcc   0x00005fb4       0x3e d:/embedded_projects_atmega32/sdk_win_64/sdk_win_64/winavr/bin/../lib/gcc/avr/4.3.3/avr5\libgcc.a(_mulsi3.o)
                0x00005fb4                __mulsi3
 .text.libgcc   0x00005ff2       0x28 d:/embedded_projects_atmega32/sdk_win_64/sdk_win_64/winavr/bin/../lib/gcc/avr/4.3.3/avr5\libgcc.a(_udivmodhi4.o)
                0x00005ff2                __udivmodhi4
 .text.libgcc   0x0000601a        0x0 d:/embedded_projects_atmega32/sdk_win_64/sdk_win_64/winavr/bin/../lib/gcc/avr/4.3.3/avr5\libgcc.a(_exit.o)
 .text.libgcc   0x0000601a        0x0 d:/embedded_projects_atmega32/sdk_win_64/sdk_win_64/winavr/bin/../lib/gcc/avr/4.3.3/avr5\libgcc.a(_copy_data.o)
 .text.libgcc   0x0000601a        0x0 d:/embedded_projects_atmega32/sdk_win_64/sdk_win_64/winavr/bin/../lib/gcc/avr/4.3.3/avr5\libgcc.a(_clear_bss.o)
 .text.libgcc   0x0000601a       0x44 d:/embedded_projects_atmega32/sdk_win_64/sdk_win_64/winavr/bin/../lib/gcc/avr/4.3.3/avr5\libgcc.a(_udivmodsi4.o)
                0x0000601a                __udivmodsi4
 .text.libgcc   0x0000605e       0x38 d:/embedded_projects_atmega32/sdk_win_64/sdk_win_64/winavr/bin/../lib/gcc/avr/4.3.3/avr5\libgcc.a(_prologue.o)
                0x0000605e                __prologue_saves__
 .text.libgcc   0x00006096       0x36 d:/embedded_projects_atmega32/sdk_win_64/sdk_win_64/winavr/bin/../lib/gcc/avr/4.3.3/avr5\libgcc.a(_epilogue.o)
                0x00006096                __epilogue_restores__
                0x000060cc                . = ALIGN (0x2)
 *(.fini9)
 .fini9         0x000060cc        0x0 d:/embedded_projects_atmega32/sdk_win_64/sdk_win_64/winavr/bin/../lib/gcc/avr/4.3.3/avr5\libgcc.a(_exit.o)
                0x000060cc                exit
                0x000060cc                _exit
 *(.fini9)
 *(.fini8)
 *(.fini8)
 *(.fini7)
 *(.fini7)
 *(.fini6)
 *(.fini6)
 *(.fini5)
 *(.fini5)
 *(.fini4)
 *(.fini4)
 *(.fini3)
 *(.fini3)
 *(.fini2)
 *(.fini2)
 *(.fini1)
 *(.fini1)
 *(.fini0)
 .fini0         0x000060cc        0x4 d:/embedded_projects_atmega32/sdk_win_64/sdk_win_64/winavr/bin/../lib/gcc/avr/4.3.3/avr5\libgcc.a(_exit.o)
 *(.fini0)
                0x000060d0                _etext = .

.data           0x00800060      0x29a load address 0x000060d0
                0x00800060                PROVIDE (__data_start, .)
 *(.data)
 .data          0x00800060        0x0 d:/embedded_projects_atmega32/sdk_win_64/sdk_win_64/winavr/bin/../lib/gcc/avr/4.3.3/../../../../avr/lib/avr5/crtm32.o
 .data          0x00800060        0x0 ./MCAL/TIMER/TIMER_program.o
 .data          0x00800060        0x0 ./MCAL/GPIO/GPIO_program.o
 .data          0x00800060        0x0 ./MCAL/GIE/GIE_program.o
 .data          0x00800060        0x0 ./MCAL/EXTI/EXTI_program.o
 .data          0x00800060        0x0 ./MCAL/ADC/ADC_program.o
 .data          0x00800060        0x0 ./HAL/SW/SW_program.o
 .data          0x00800060        0x0 ./HAL/SSD/SSD_program.o
 .data          0x00800060        0x0 ./HAL/LM35/LM35_program.o
 .data          0x00800060        0x0 ./HAL/LED/LED_program.o
 .data          0x00800060        0x0 ./HAL/KPD/KPD_program.o
 .data          0x00800060        0x0 ./HAL/DCMOTOR/DCMOTOR_program.o
 .data          0x00800060        0x0 ./HAL/CLCD/CLCD_progrem.o
 .data          0x00800060        0x0 ./HAL/BUZ/BUZ_program.o
 .data          0x00800060      0x130 ./main.o
 .data          0x00800190        0x0 d:/embedded_projects_atmega32/sdk_win_64/sdk_win_64/winavr/bin/../lib/gcc/avr/4.3.3/avr5\libgcc.a(_mulsi3.o)
 .data          0x00800190        0x0 d:/embedded_projects_atmega32/sdk_win_64/sdk_win_64/winavr/bin/../lib/gcc/avr/4.3.3/avr5\libgcc.a(_udivmodhi4.o)
 .data          0x00800190        0x0 d:/embedded_projects_atmega32/sdk_win_64/sdk_win_64/winavr/bin/../lib/gcc/avr/4.3.3/avr5\libgcc.a(_exit.o)
 .data          0x00800190        0x0 d:/embedded_projects_atmega32/sdk_win_64/sdk_win_64/winavr/bin/../lib/gcc/avr/4.3.3/avr5\libgcc.a(_copy_data.o)
 .data          0x00800190        0x0 d:/embedded_projects_atmega32/sdk_win_64/sdk_win_64/winavr/bin/../lib/gcc/avr/4.3.3/avr5\libgcc.a(_clear_bss.o)
 .data          0x00800190        0x0 d:/embedded_projects_atmega32/sdk_win_64/sdk_win_64/winavr/bin/../lib/gcc/avr/4.3.3/avr5\libgcc.a(_ashldi3.o)
 .data          0x00800190        0x0 d:/embedded_projects_atmega32/sdk_win_64/sdk_win_64/winavr/bin/../lib/gcc/avr/4.3.3/avr5\libgcc.a(_fixunssfsi.o)
 .data          0x00800190        0x0 d:/embedded_projects_atmega32/sdk_win_64/sdk_win_64/winavr/bin/../lib/gcc/avr/4.3.3/avr5\libgcc.a(_udivdi3.o)
 .data          0x00800190        0x0 d:/embedded_projects_atmega32/sdk_win_64/sdk_win_64/winavr/bin/../lib/gcc/avr/4.3.3/avr5\libgcc.a(_umoddi3.o)
 .data          0x00800190        0x0 d:/embedded_projects_atmega32/sdk_win_64/sdk_win_64/winavr/bin/../lib/gcc/avr/4.3.3/avr5\libgcc.a(_addsub_sf.o)
 .data          0x00800190        0x0 d:/embedded_projects_atmega32/sdk_win_64/sdk_win_64/winavr/bin/../lib/gcc/avr/4.3.3/avr5\libgcc.a(_mul_sf.o)
 .data          0x00800190        0x0 d:/embedded_projects_atmega32/sdk_win_64/sdk_win_64/winavr/bin/../lib/gcc/avr/4.3.3/avr5\libgcc.a(_gt_sf.o)
 .data          0x00800190        0x0 d:/embedded_projects_atmega32/sdk_win_64/sdk_win_64/winavr/bin/../lib/gcc/avr/4.3.3/avr5\libgcc.a(_ge_sf.o)
 .data          0x00800190        0x0 d:/embedded_projects_atmega32/sdk_win_64/sdk_win_64/winavr/bin/../lib/gcc/avr/4.3.3/avr5\libgcc.a(_lt_sf.o)
 .data          0x00800190        0x0 d:/embedded_projects_atmega32/sdk_win_64/sdk_win_64/winavr/bin/../lib/gcc/avr/4.3.3/avr5\libgcc.a(_sf_to_si.o)
 .data          0x00800190        0x8 d:/embedded_projects_atmega32/sdk_win_64/sdk_win_64/winavr/bin/../lib/gcc/avr/4.3.3/avr5\libgcc.a(_thenan_sf.o)
                0x00800190                __thenan_sf
 .data          0x00800198        0x0 d:/embedded_projects_atmega32/sdk_win_64/sdk_win_64/winavr/bin/../lib/gcc/avr/4.3.3/avr5\libgcc.a(_udivmodsi4.o)
 .data          0x00800198        0x0 d:/embedded_projects_atmega32/sdk_win_64/sdk_win_64/winavr/bin/../lib/gcc/avr/4.3.3/avr5\libgcc.a(_prologue.o)
 .data          0x00800198        0x0 d:/embedded_projects_atmega32/sdk_win_64/sdk_win_64/winavr/bin/../lib/gcc/avr/4.3.3/avr5\libgcc.a(_epilogue.o)
 .data          0x00800198      0x100 d:/embedded_projects_atmega32/sdk_win_64/sdk_win_64/winavr/bin/../lib/gcc/avr/4.3.3/avr5\libgcc.a(_clz.o)
                0x00800198                __clz_tab
 .data          0x00800298        0x0 d:/embedded_projects_atmega32/sdk_win_64/sdk_win_64/winavr/bin/../lib/gcc/avr/4.3.3/avr5\libgcc.a(_pack_sf.o)
 .data          0x00800298        0x0 d:/embedded_projects_atmega32/sdk_win_64/sdk_win_64/winavr/bin/../lib/gcc/avr/4.3.3/avr5\libgcc.a(_unpack_sf.o)
 .data          0x00800298        0x0 d:/embedded_projects_atmega32/sdk_win_64/sdk_win_64/winavr/bin/../lib/gcc/avr/4.3.3/avr5\libgcc.a(_fpcmp_parts_sf.o)
 *(.data*)
 .data.Local_u8SSDNumbers
                0x00800298        0xa ./HAL/SSD/SSD_program.o
 .data.KPD_u8Buttons
                0x008002a2       0x10 ./HAL/KPD/KPD_program.o
                0x008002a2                KPD_u8Buttons
 .data.CLCD_u8ExtraChar
                0x008002b2       0x40 ./HAL/CLCD/CLCD_progrem.o
                0x008002b2                CLCD_u8ExtraChar
 .data.Motor_2_Direction
                0x008002f2        0x1 ./main.o
                0x008002f2                Motor_2_Direction
 .data.Motor_1  0x008002f3        0x3 ./main.o
                0x008002f3                Motor_1
 .data.Motor_2  0x008002f6        0x3 ./main.o
                0x008002f6                Motor_2
 *(.rodata)
 *(.rodata*)
 *(.gnu.linkonce.d*)
                0x008002fa                . = ALIGN (0x2)
 *fill*         0x008002f9        0x1 00
                0x008002fa                _edata = .
                0x008002fa                PROVIDE (__data_end, .)

.bss            0x008002fa       0x33
                0x008002fa                PROVIDE (__bss_start, .)
 *(.bss)
 .bss           0x008002fa        0x0 d:/embedded_projects_atmega32/sdk_win_64/sdk_win_64/winavr/bin/../lib/gcc/avr/4.3.3/../../../../avr/lib/avr5/crtm32.o
 .bss           0x008002fa        0x0 ./MCAL/TIMER/TIMER_program.o
 .bss           0x008002fa        0x0 ./MCAL/GPIO/GPIO_program.o
 .bss           0x008002fa        0x0 ./MCAL/GIE/GIE_program.o
 .bss           0x008002fa        0x0 ./MCAL/EXTI/EXTI_program.o
 .bss           0x008002fa        0x0 ./MCAL/ADC/ADC_program.o
 .bss           0x008002fa        0x0 ./HAL/SW/SW_program.o
 .bss           0x008002fa        0x0 ./HAL/SSD/SSD_program.o
 .bss           0x008002fa        0x0 ./HAL/LM35/LM35_program.o
 .bss           0x008002fa        0x0 ./HAL/LED/LED_program.o
 .bss           0x008002fa        0x0 ./HAL/KPD/KPD_program.o
 .bss           0x008002fa        0x0 ./HAL/DCMOTOR/DCMOTOR_program.o
 .bss           0x008002fa        0x0 ./HAL/CLCD/CLCD_progrem.o
 .bss           0x008002fa        0x0 ./HAL/BUZ/BUZ_program.o
 .bss           0x008002fa        0x0 ./main.o
 .bss           0x008002fa        0x0 d:/embedded_projects_atmega32/sdk_win_64/sdk_win_64/winavr/bin/../lib/gcc/avr/4.3.3/avr5\libgcc.a(_mulsi3.o)
 .bss           0x008002fa        0x0 d:/embedded_projects_atmega32/sdk_win_64/sdk_win_64/winavr/bin/../lib/gcc/avr/4.3.3/avr5\libgcc.a(_udivmodhi4.o)
 .bss           0x008002fa        0x0 d:/embedded_projects_atmega32/sdk_win_64/sdk_win_64/winavr/bin/../lib/gcc/avr/4.3.3/avr5\libgcc.a(_exit.o)
 .bss           0x008002fa        0x0 d:/embedded_projects_atmega32/sdk_win_64/sdk_win_64/winavr/bin/../lib/gcc/avr/4.3.3/avr5\libgcc.a(_copy_data.o)
 .bss           0x008002fa        0x0 d:/embedded_projects_atmega32/sdk_win_64/sdk_win_64/winavr/bin/../lib/gcc/avr/4.3.3/avr5\libgcc.a(_clear_bss.o)
 .bss           0x008002fa        0x0 d:/embedded_projects_atmega32/sdk_win_64/sdk_win_64/winavr/bin/../lib/gcc/avr/4.3.3/avr5\libgcc.a(_ashldi3.o)
 .bss           0x008002fa        0x0 d:/embedded_projects_atmega32/sdk_win_64/sdk_win_64/winavr/bin/../lib/gcc/avr/4.3.3/avr5\libgcc.a(_fixunssfsi.o)
 .bss           0x008002fa        0x0 d:/embedded_projects_atmega32/sdk_win_64/sdk_win_64/winavr/bin/../lib/gcc/avr/4.3.3/avr5\libgcc.a(_udivdi3.o)
 .bss           0x008002fa        0x0 d:/embedded_projects_atmega32/sdk_win_64/sdk_win_64/winavr/bin/../lib/gcc/avr/4.3.3/avr5\libgcc.a(_umoddi3.o)
 .bss           0x008002fa        0x0 d:/embedded_projects_atmega32/sdk_win_64/sdk_win_64/winavr/bin/../lib/gcc/avr/4.3.3/avr5\libgcc.a(_addsub_sf.o)
 .bss           0x008002fa        0x0 d:/embedded_projects_atmega32/sdk_win_64/sdk_win_64/winavr/bin/../lib/gcc/avr/4.3.3/avr5\libgcc.a(_mul_sf.o)
 .bss           0x008002fa        0x0 d:/embedded_projects_atmega32/sdk_win_64/sdk_win_64/winavr/bin/../lib/gcc/avr/4.3.3/avr5\libgcc.a(_gt_sf.o)
 .bss           0x008002fa        0x0 d:/embedded_projects_atmega32/sdk_win_64/sdk_win_64/winavr/bin/../lib/gcc/avr/4.3.3/avr5\libgcc.a(_ge_sf.o)
 .bss           0x008002fa        0x0 d:/embedded_projects_atmega32/sdk_win_64/sdk_win_64/winavr/bin/../lib/gcc/avr/4.3.3/avr5\libgcc.a(_lt_sf.o)
 .bss           0x008002fa        0x0 d:/embedded_projects_atmega32/sdk_win_64/sdk_win_64/winavr/bin/../lib/gcc/avr/4.3.3/avr5\libgcc.a(_sf_to_si.o)
 .bss           0x008002fa        0x0 d:/embedded_projects_atmega32/sdk_win_64/sdk_win_64/winavr/bin/../lib/gcc/avr/4.3.3/avr5\libgcc.a(_thenan_sf.o)
 .bss           0x008002fa        0x0 d:/embedded_projects_atmega32/sdk_win_64/sdk_win_64/winavr/bin/../lib/gcc/avr/4.3.3/avr5\libgcc.a(_udivmodsi4.o)
 .bss           0x008002fa        0x0 d:/embedded_projects_atmega32/sdk_win_64/sdk_win_64/winavr/bin/../lib/gcc/avr/4.3.3/avr5\libgcc.a(_prologue.o)
 .bss           0x008002fa        0x0 d:/embedded_projects_atmega32/sdk_win_64/sdk_win_64/winavr/bin/../lib/gcc/avr/4.3.3/avr5\libgcc.a(_epilogue.o)
 .bss           0x008002fa        0x0 d:/embedded_projects_atmega32/sdk_win_64/sdk_win_64/winavr/bin/../lib/gcc/avr/4.3.3/avr5\libgcc.a(_clz.o)
 .bss           0x008002fa        0x0 d:/embedded_projects_atmega32/sdk_win_64/sdk_win_64/winavr/bin/../lib/gcc/avr/4.3.3/avr5\libgcc.a(_pack_sf.o)
 .bss           0x008002fa        0x0 d:/embedded_projects_atmega32/sdk_win_64/sdk_win_64/winavr/bin/../lib/gcc/avr/4.3.3/avr5\libgcc.a(_unpack_sf.o)
 .bss           0x008002fa        0x0 d:/embedded_projects_atmega32/sdk_win_64/sdk_win_64/winavr/bin/../lib/gcc/avr/4.3.3/avr5\libgcc.a(_fpcmp_parts_sf.o)
 *(.bss*)
 .bss.TIMERS_pvCallBackFunc
                0x008002fa       0x20 ./MCAL/TIMER/TIMER_program.o
 .bss.EXTI_CallBack
                0x0080031a        0x6 ./MCAL/EXTI/EXTI_program.o
                0x0080031a                EXTI_CallBack
 .bss.ADC_u8State
                0x00800320        0x1 ./MCAL/ADC/ADC_program.o
 .bss.ADC_pu16AsynchConversionResult
                0x00800321        0x2 ./MCAL/ADC/ADC_program.o
 .bss.ADC_pvNotificationFunc
                0x00800323        0x2 ./MCAL/ADC/ADC_program.o
 .bss.ADC_u8ISRState
                0x00800325        0x1 ./MCAL/ADC/ADC_program.o
 .bss.ADC_pu8ChainChannel
                0x00800326        0x2 ./MCAL/ADC/ADC_program.o
 .bss.ADC_u8ChainSize
                0x00800328        0x1 ./MCAL/ADC/ADC_program.o
 .bss.ADC_u8Index
                0x00800329        0x1 ./MCAL/ADC/ADC_program.o
 .bss.value     0x0080032a        0x1 ./main.o
                0x0080032a                value
 .bss.Clear_Flag
                0x0080032b        0x1 ./main.o
                0x0080032b                Clear_Flag
 .bss.Motor_1_Direction
                0x0080032c        0x1 ./main.o
                0x0080032c                Motor_1_Direction
 *(COMMON)
                0x0080032d                PROVIDE (__bss_end, .)
                0x000060d0                __data_load_start = LOADADDR (.data)
                0x0000636a                __data_load_end = (__data_load_start + SIZEOF (.data))

.noinit         0x0080032d        0x0
                0x0080032d                PROVIDE (__noinit_start, .)
 *(.noinit*)
                0x0080032d                PROVIDE (__noinit_end, .)
                0x0080032d                _end = .
                0x0080032d                PROVIDE (__heap_start, .)

.eeprom         0x00810000        0x0
 *(.eeprom*)
                0x00810000                __eeprom_end = .

.fuse
 *(.fuse)
 *(.lfuse)
 *(.hfuse)
 *(.efuse)

.lock
 *(.lock*)

.signature
 *(.signature*)

.stab           0x00000000     0x4f20
 *(.stab)
 .stab          0x00000000      0x3cc ./MCAL/TIMER/TIMER_program.o
 .stab          0x000003cc      0xc78 ./MCAL/GPIO/GPIO_program.o
                                0xc84 (size before relaxing)
 .stab          0x00001044      0x1c8 ./MCAL/GIE/GIE_program.o
                                0x1d4 (size before relaxing)
 .stab          0x0000120c      0x588 ./MCAL/EXTI/EXTI_program.o
                                0x720 (size before relaxing)
 .stab          0x00001794      0x96c ./MCAL/ADC/ADC_program.o
                                0x978 (size before relaxing)
 .stab          0x00002100      0x324 ./HAL/SW/SW_program.o
                                0x4bc (size before relaxing)
 .stab          0x00002424      0x3fc ./HAL/SSD/SSD_program.o
                                0x594 (size before relaxing)
 .stab          0x00002820      0x2d0 ./HAL/LM35/LM35_program.o
                                0x2dc (size before relaxing)
 .stab          0x00002af0      0x318 ./HAL/LED/LED_program.o
                                0x4b0 (size before relaxing)
 .stab          0x00002e08      0x4a4 ./HAL/KPD/KPD_program.o
                                0x63c (size before relaxing)
 .stab          0x000032ac      0x300 ./HAL/DCMOTOR/DCMOTOR_program.o
                                0x498 (size before relaxing)
 .stab          0x000035ac      0xd44 ./HAL/CLCD/CLCD_progrem.o
                                0xedc (size before relaxing)
 .stab          0x000042f0      0x318 ./HAL/BUZ/BUZ_program.o
                                0x4b0 (size before relaxing)
 .stab          0x00004608      0x918 ./main.o
                                0xb64 (size before relaxing)

.stabstr        0x00000000     0x22ea
 *(.stabstr)
 .stabstr       0x00000000     0x22ea ./MCAL/TIMER/TIMER_program.o

.stab.excl
 *(.stab.excl)

.stab.exclstr
 *(.stab.exclstr)

.stab.index
 *(.stab.index)

.stab.indexstr
 *(.stab.indexstr)

.comment
 *(.comment)

.debug
 *(.debug)

.line
 *(.line)

.debug_srcinfo
 *(.debug_srcinfo)

.debug_sfnames
 *(.debug_sfnames)

.debug_aranges  0x00000000      0x1a0
 *(.debug_aranges)
 .debug_aranges
                0x00000000       0x20 d:/embedded_projects_atmega32/sdk_win_64/sdk_win_64/winavr/bin/../lib/gcc/avr/4.3.3/avr5\libgcc.a(_ashldi3.o)
 .debug_aranges
                0x00000020       0x20 d:/embedded_projects_atmega32/sdk_win_64/sdk_win_64/winavr/bin/../lib/gcc/avr/4.3.3/avr5\libgcc.a(_fixunssfsi.o)
 .debug_aranges
                0x00000040       0x20 d:/embedded_projects_atmega32/sdk_win_64/sdk_win_64/winavr/bin/../lib/gcc/avr/4.3.3/avr5\libgcc.a(_udivdi3.o)
 .debug_aranges
                0x00000060       0x20 d:/embedded_projects_atmega32/sdk_win_64/sdk_win_64/winavr/bin/../lib/gcc/avr/4.3.3/avr5\libgcc.a(_umoddi3.o)
 .debug_aranges
                0x00000080       0x20 d:/embedded_projects_atmega32/sdk_win_64/sdk_win_64/winavr/bin/../lib/gcc/avr/4.3.3/avr5\libgcc.a(_addsub_sf.o)
 .debug_aranges
                0x000000a0       0x20 d:/embedded_projects_atmega32/sdk_win_64/sdk_win_64/winavr/bin/../lib/gcc/avr/4.3.3/avr5\libgcc.a(_mul_sf.o)
 .debug_aranges
                0x000000c0       0x20 d:/embedded_projects_atmega32/sdk_win_64/sdk_win_64/winavr/bin/../lib/gcc/avr/4.3.3/avr5\libgcc.a(_gt_sf.o)
 .debug_aranges
                0x000000e0       0x20 d:/embedded_projects_atmega32/sdk_win_64/sdk_win_64/winavr/bin/../lib/gcc/avr/4.3.3/avr5\libgcc.a(_ge_sf.o)
 .debug_aranges
                0x00000100       0x20 d:/embedded_projects_atmega32/sdk_win_64/sdk_win_64/winavr/bin/../lib/gcc/avr/4.3.3/avr5\libgcc.a(_lt_sf.o)
 .debug_aranges
                0x00000120       0x20 d:/embedded_projects_atmega32/sdk_win_64/sdk_win_64/winavr/bin/../lib/gcc/avr/4.3.3/avr5\libgcc.a(_sf_to_si.o)
 .debug_aranges
                0x00000140       0x20 d:/embedded_projects_atmega32/sdk_win_64/sdk_win_64/winavr/bin/../lib/gcc/avr/4.3.3/avr5\libgcc.a(_pack_sf.o)
 .debug_aranges
                0x00000160       0x20 d:/embedded_projects_atmega32/sdk_win_64/sdk_win_64/winavr/bin/../lib/gcc/avr/4.3.3/avr5\libgcc.a(_unpack_sf.o)
 .debug_aranges
                0x00000180       0x20 d:/embedded_projects_atmega32/sdk_win_64/sdk_win_64/winavr/bin/../lib/gcc/avr/4.3.3/avr5\libgcc.a(_fpcmp_parts_sf.o)

.debug_pubnames
                0x00000000      0x1f0
 *(.debug_pubnames)
 .debug_pubnames
                0x00000000       0x20 d:/embedded_projects_atmega32/sdk_win_64/sdk_win_64/winavr/bin/../lib/gcc/avr/4.3.3/avr5\libgcc.a(_ashldi3.o)
 .debug_pubnames
                0x00000020       0x23 d:/embedded_projects_atmega32/sdk_win_64/sdk_win_64/winavr/bin/../lib/gcc/avr/4.3.3/avr5\libgcc.a(_fixunssfsi.o)
 .debug_pubnames
                0x00000043       0x20 d:/embedded_projects_atmega32/sdk_win_64/sdk_win_64/winavr/bin/../lib/gcc/avr/4.3.3/avr5\libgcc.a(_udivdi3.o)
 .debug_pubnames
                0x00000063       0x20 d:/embedded_projects_atmega32/sdk_win_64/sdk_win_64/winavr/bin/../lib/gcc/avr/4.3.3/avr5\libgcc.a(_umoddi3.o)
 .debug_pubnames
                0x00000083       0x2c d:/embedded_projects_atmega32/sdk_win_64/sdk_win_64/winavr/bin/../lib/gcc/avr/4.3.3/avr5\libgcc.a(_addsub_sf.o)
 .debug_pubnames
                0x000000af       0x1f d:/embedded_projects_atmega32/sdk_win_64/sdk_win_64/winavr/bin/../lib/gcc/avr/4.3.3/avr5\libgcc.a(_mul_sf.o)
 .debug_pubnames
                0x000000ce       0x1e d:/embedded_projects_atmega32/sdk_win_64/sdk_win_64/winavr/bin/../lib/gcc/avr/4.3.3/avr5\libgcc.a(_gt_sf.o)
 .debug_pubnames
                0x000000ec       0x1e d:/embedded_projects_atmega32/sdk_win_64/sdk_win_64/winavr/bin/../lib/gcc/avr/4.3.3/avr5\libgcc.a(_ge_sf.o)
 .debug_pubnames
                0x0000010a       0x1e d:/embedded_projects_atmega32/sdk_win_64/sdk_win_64/winavr/bin/../lib/gcc/avr/4.3.3/avr5\libgcc.a(_lt_sf.o)
 .debug_pubnames
                0x00000128       0x20 d:/embedded_projects_atmega32/sdk_win_64/sdk_win_64/winavr/bin/../lib/gcc/avr/4.3.3/avr5\libgcc.a(_sf_to_si.o)
 .debug_pubnames
                0x00000148       0x22 d:/embedded_projects_atmega32/sdk_win_64/sdk_win_64/winavr/bin/../lib/gcc/avr/4.3.3/avr5\libgcc.a(_thenan_sf.o)
 .debug_pubnames
                0x0000016a       0x20 d:/embedded_projects_atmega32/sdk_win_64/sdk_win_64/winavr/bin/../lib/gcc/avr/4.3.3/avr5\libgcc.a(_clz.o)
 .debug_pubnames
                0x0000018a       0x1f d:/embedded_projects_atmega32/sdk_win_64/sdk_win_64/winavr/bin/../lib/gcc/avr/4.3.3/avr5\libgcc.a(_pack_sf.o)
 .debug_pubnames
                0x000001a9       0x21 d:/embedded_projects_atmega32/sdk_win_64/sdk_win_64/winavr/bin/../lib/gcc/avr/4.3.3/avr5\libgcc.a(_unpack_sf.o)
 .debug_pubnames
                0x000001ca       0x26 d:/embedded_projects_atmega32/sdk_win_64/sdk_win_64/winavr/bin/../lib/gcc/avr/4.3.3/avr5\libgcc.a(_fpcmp_parts_sf.o)

.debug_info     0x00000000     0x2ce6
 *(.debug_info)
 .debug_info    0x00000000      0x17f d:/embedded_projects_atmega32/sdk_win_64/sdk_win_64/winavr/bin/../lib/gcc/avr/4.3.3/avr5\libgcc.a(_ashldi3.o)
 .debug_info    0x0000017f       0xb1 d:/embedded_projects_atmega32/sdk_win_64/sdk_win_64/winavr/bin/../lib/gcc/avr/4.3.3/avr5\libgcc.a(_fixunssfsi.o)
 .debug_info    0x00000230      0x71e d:/embedded_projects_atmega32/sdk_win_64/sdk_win_64/winavr/bin/../lib/gcc/avr/4.3.3/avr5\libgcc.a(_udivdi3.o)
 .debug_info    0x0000094e      0x757 d:/embedded_projects_atmega32/sdk_win_64/sdk_win_64/winavr/bin/../lib/gcc/avr/4.3.3/avr5\libgcc.a(_umoddi3.o)
 .debug_info    0x000010a5      0x47a d:/embedded_projects_atmega32/sdk_win_64/sdk_win_64/winavr/bin/../lib/gcc/avr/4.3.3/avr5\libgcc.a(_addsub_sf.o)
 .debug_info    0x0000151f      0x485 d:/embedded_projects_atmega32/sdk_win_64/sdk_win_64/winavr/bin/../lib/gcc/avr/4.3.3/avr5\libgcc.a(_mul_sf.o)
 .debug_info    0x000019a4      0x27f d:/embedded_projects_atmega32/sdk_win_64/sdk_win_64/winavr/bin/../lib/gcc/avr/4.3.3/avr5\libgcc.a(_gt_sf.o)
 .debug_info    0x00001c23      0x27f d:/embedded_projects_atmega32/sdk_win_64/sdk_win_64/winavr/bin/../lib/gcc/avr/4.3.3/avr5\libgcc.a(_ge_sf.o)
 .debug_info    0x00001ea2      0x27f d:/embedded_projects_atmega32/sdk_win_64/sdk_win_64/winavr/bin/../lib/gcc/avr/4.3.3/avr5\libgcc.a(_lt_sf.o)
 .debug_info    0x00002121      0x2b0 d:/embedded_projects_atmega32/sdk_win_64/sdk_win_64/winavr/bin/../lib/gcc/avr/4.3.3/avr5\libgcc.a(_sf_to_si.o)
 .debug_info    0x000023d1      0x12c d:/embedded_projects_atmega32/sdk_win_64/sdk_win_64/winavr/bin/../lib/gcc/avr/4.3.3/avr5\libgcc.a(_thenan_sf.o)
 .debug_info    0x000024fd       0xa9 d:/embedded_projects_atmega32/sdk_win_64/sdk_win_64/winavr/bin/../lib/gcc/avr/4.3.3/avr5\libgcc.a(_clz.o)
 .debug_info    0x000025a6      0x2df d:/embedded_projects_atmega32/sdk_win_64/sdk_win_64/winavr/bin/../lib/gcc/avr/4.3.3/avr5\libgcc.a(_pack_sf.o)
 .debug_info    0x00002885      0x251 d:/embedded_projects_atmega32/sdk_win_64/sdk_win_64/winavr/bin/../lib/gcc/avr/4.3.3/avr5\libgcc.a(_unpack_sf.o)
 .debug_info    0x00002ad6      0x210 d:/embedded_projects_atmega32/sdk_win_64/sdk_win_64/winavr/bin/../lib/gcc/avr/4.3.3/avr5\libgcc.a(_fpcmp_parts_sf.o)
 *(.gnu.linkonce.wi.*)

.debug_abbrev   0x00000000     0x1354
 *(.debug_abbrev)
 .debug_abbrev  0x00000000       0xee d:/embedded_projects_atmega32/sdk_win_64/sdk_win_64/winavr/bin/../lib/gcc/avr/4.3.3/avr5\libgcc.a(_ashldi3.o)
 .debug_abbrev  0x000000ee       0x5d d:/embedded_projects_atmega32/sdk_win_64/sdk_win_64/winavr/bin/../lib/gcc/avr/4.3.3/avr5\libgcc.a(_fixunssfsi.o)
 .debug_abbrev  0x0000014b      0x181 d:/embedded_projects_atmega32/sdk_win_64/sdk_win_64/winavr/bin/../lib/gcc/avr/4.3.3/avr5\libgcc.a(_udivdi3.o)
 .debug_abbrev  0x000002cc      0x190 d:/embedded_projects_atmega32/sdk_win_64/sdk_win_64/winavr/bin/../lib/gcc/avr/4.3.3/avr5\libgcc.a(_umoddi3.o)
 .debug_abbrev  0x0000045c      0x1ea d:/embedded_projects_atmega32/sdk_win_64/sdk_win_64/winavr/bin/../lib/gcc/avr/4.3.3/avr5\libgcc.a(_addsub_sf.o)
 .debug_abbrev  0x00000646      0x21b d:/embedded_projects_atmega32/sdk_win_64/sdk_win_64/winavr/bin/../lib/gcc/avr/4.3.3/avr5\libgcc.a(_mul_sf.o)
 .debug_abbrev  0x00000861      0x15a d:/embedded_projects_atmega32/sdk_win_64/sdk_win_64/winavr/bin/../lib/gcc/avr/4.3.3/avr5\libgcc.a(_gt_sf.o)
 .debug_abbrev  0x000009bb      0x15a d:/embedded_projects_atmega32/sdk_win_64/sdk_win_64/winavr/bin/../lib/gcc/avr/4.3.3/avr5\libgcc.a(_ge_sf.o)
 .debug_abbrev  0x00000b15      0x15a d:/embedded_projects_atmega32/sdk_win_64/sdk_win_64/winavr/bin/../lib/gcc/avr/4.3.3/avr5\libgcc.a(_lt_sf.o)
 .debug_abbrev  0x00000c6f      0x17f d:/embedded_projects_atmega32/sdk_win_64/sdk_win_64/winavr/bin/../lib/gcc/avr/4.3.3/avr5\libgcc.a(_sf_to_si.o)
 .debug_abbrev  0x00000dee       0xad d:/embedded_projects_atmega32/sdk_win_64/sdk_win_64/winavr/bin/../lib/gcc/avr/4.3.3/avr5\libgcc.a(_thenan_sf.o)
 .debug_abbrev  0x00000e9b       0x6a d:/embedded_projects_atmega32/sdk_win_64/sdk_win_64/winavr/bin/../lib/gcc/avr/4.3.3/avr5\libgcc.a(_clz.o)
 .debug_abbrev  0x00000f05      0x1c0 d:/embedded_projects_atmega32/sdk_win_64/sdk_win_64/winavr/bin/../lib/gcc/avr/4.3.3/avr5\libgcc.a(_pack_sf.o)
 .debug_abbrev  0x000010c5      0x154 d:/embedded_projects_atmega32/sdk_win_64/sdk_win_64/winavr/bin/../lib/gcc/avr/4.3.3/avr5\libgcc.a(_unpack_sf.o)
 .debug_abbrev  0x00001219      0x13b d:/embedded_projects_atmega32/sdk_win_64/sdk_win_64/winavr/bin/../lib/gcc/avr/4.3.3/avr5\libgcc.a(_fpcmp_parts_sf.o)

.debug_line     0x00000000     0x1308
 *(.debug_line)
 .debug_line    0x00000000       0xd7 d:/embedded_projects_atmega32/sdk_win_64/sdk_win_64/winavr/bin/../lib/gcc/avr/4.3.3/avr5\libgcc.a(_ashldi3.o)
 .debug_line    0x000000d7       0xa7 d:/embedded_projects_atmega32/sdk_win_64/sdk_win_64/winavr/bin/../lib/gcc/avr/4.3.3/avr5\libgcc.a(_fixunssfsi.o)
 .debug_line    0x0000017e      0x1d8 d:/embedded_projects_atmega32/sdk_win_64/sdk_win_64/winavr/bin/../lib/gcc/avr/4.3.3/avr5\libgcc.a(_udivdi3.o)
 .debug_line    0x00000356      0x230 d:/embedded_projects_atmega32/sdk_win_64/sdk_win_64/winavr/bin/../lib/gcc/avr/4.3.3/avr5\libgcc.a(_umoddi3.o)
 .debug_line    0x00000586      0x2af d:/embedded_projects_atmega32/sdk_win_64/sdk_win_64/winavr/bin/../lib/gcc/avr/4.3.3/avr5\libgcc.a(_addsub_sf.o)
 .debug_line    0x00000835      0x239 d:/embedded_projects_atmega32/sdk_win_64/sdk_win_64/winavr/bin/../lib/gcc/avr/4.3.3/avr5\libgcc.a(_mul_sf.o)
 .debug_line    0x00000a6e       0xd3 d:/embedded_projects_atmega32/sdk_win_64/sdk_win_64/winavr/bin/../lib/gcc/avr/4.3.3/avr5\libgcc.a(_gt_sf.o)
 .debug_line    0x00000b41       0xd3 d:/embedded_projects_atmega32/sdk_win_64/sdk_win_64/winavr/bin/../lib/gcc/avr/4.3.3/avr5\libgcc.a(_ge_sf.o)
 .debug_line    0x00000c14       0xd3 d:/embedded_projects_atmega32/sdk_win_64/sdk_win_64/winavr/bin/../lib/gcc/avr/4.3.3/avr5\libgcc.a(_lt_sf.o)
 .debug_line    0x00000ce7      0x109 d:/embedded_projects_atmega32/sdk_win_64/sdk_win_64/winavr/bin/../lib/gcc/avr/4.3.3/avr5\libgcc.a(_sf_to_si.o)
 .debug_line    0x00000df0       0x90 d:/embedded_projects_atmega32/sdk_win_64/sdk_win_64/winavr/bin/../lib/gcc/avr/4.3.3/avr5\libgcc.a(_thenan_sf.o)
 .debug_line    0x00000e80       0x7c d:/embedded_projects_atmega32/sdk_win_64/sdk_win_64/winavr/bin/../lib/gcc/avr/4.3.3/avr5\libgcc.a(_clz.o)
 .debug_line    0x00000efc      0x18a d:/embedded_projects_atmega32/sdk_win_64/sdk_win_64/winavr/bin/../lib/gcc/avr/4.3.3/avr5\libgcc.a(_pack_sf.o)
 .debug_line    0x00001086      0x14b d:/embedded_projects_atmega32/sdk_win_64/sdk_win_64/winavr/bin/../lib/gcc/avr/4.3.3/avr5\libgcc.a(_unpack_sf.o)
 .debug_line    0x000011d1      0x137 d:/embedded_projects_atmega32/sdk_win_64/sdk_win_64/winavr/bin/../lib/gcc/avr/4.3.3/avr5\libgcc.a(_fpcmp_parts_sf.o)

.debug_frame    0x00000000      0x1c0
 *(.debug_frame)
 .debug_frame   0x00000000       0x20 d:/embedded_projects_atmega32/sdk_win_64/sdk_win_64/winavr/bin/../lib/gcc/avr/4.3.3/avr5\libgcc.a(_ashldi3.o)
 .debug_frame   0x00000020       0x20 d:/embedded_projects_atmega32/sdk_win_64/sdk_win_64/winavr/bin/../lib/gcc/avr/4.3.3/avr5\libgcc.a(_fixunssfsi.o)
 .debug_frame   0x00000040       0x20 d:/embedded_projects_atmega32/sdk_win_64/sdk_win_64/winavr/bin/../lib/gcc/avr/4.3.3/avr5\libgcc.a(_udivdi3.o)
 .debug_frame   0x00000060       0x20 d:/embedded_projects_atmega32/sdk_win_64/sdk_win_64/winavr/bin/../lib/gcc/avr/4.3.3/avr5\libgcc.a(_umoddi3.o)
 .debug_frame   0x00000080       0x40 d:/embedded_projects_atmega32/sdk_win_64/sdk_win_64/winavr/bin/../lib/gcc/avr/4.3.3/avr5\libgcc.a(_addsub_sf.o)
 .debug_frame   0x000000c0       0x20 d:/embedded_projects_atmega32/sdk_win_64/sdk_win_64/winavr/bin/../lib/gcc/avr/4.3.3/avr5\libgcc.a(_mul_sf.o)
 .debug_frame   0x000000e0       0x20 d:/embedded_projects_atmega32/sdk_win_64/sdk_win_64/winavr/bin/../lib/gcc/avr/4.3.3/avr5\libgcc.a(_gt_sf.o)
 .debug_frame   0x00000100       0x20 d:/embedded_projects_atmega32/sdk_win_64/sdk_win_64/winavr/bin/../lib/gcc/avr/4.3.3/avr5\libgcc.a(_ge_sf.o)
 .debug_frame   0x00000120       0x20 d:/embedded_projects_atmega32/sdk_win_64/sdk_win_64/winavr/bin/../lib/gcc/avr/4.3.3/avr5\libgcc.a(_lt_sf.o)
 .debug_frame   0x00000140       0x20 d:/embedded_projects_atmega32/sdk_win_64/sdk_win_64/winavr/bin/../lib/gcc/avr/4.3.3/avr5\libgcc.a(_sf_to_si.o)
 .debug_frame   0x00000160       0x20 d:/embedded_projects_atmega32/sdk_win_64/sdk_win_64/winavr/bin/../lib/gcc/avr/4.3.3/avr5\libgcc.a(_pack_sf.o)
 .debug_frame   0x00000180       0x20 d:/embedded_projects_atmega32/sdk_win_64/sdk_win_64/winavr/bin/../lib/gcc/avr/4.3.3/avr5\libgcc.a(_unpack_sf.o)
 .debug_frame   0x000001a0       0x20 d:/embedded_projects_atmega32/sdk_win_64/sdk_win_64/winavr/bin/../lib/gcc/avr/4.3.3/avr5\libgcc.a(_fpcmp_parts_sf.o)

.debug_str      0x00000000      0x340
 *(.debug_str)
 .debug_str     0x00000000       0xdf d:/embedded_projects_atmega32/sdk_win_64/sdk_win_64/winavr/bin/../lib/gcc/avr/4.3.3/avr5\libgcc.a(_ashldi3.o)
                                0x131 (size before relaxing)
 .debug_str     0x000000df       0x14 d:/embedded_projects_atmega32/sdk_win_64/sdk_win_64/winavr/bin/../lib/gcc/avr/4.3.3/avr5\libgcc.a(_fixunssfsi.o)
                                 0xfe (size before relaxing)
 .debug_str     0x000000f3       0x7c d:/embedded_projects_atmega32/sdk_win_64/sdk_win_64/winavr/bin/../lib/gcc/avr/4.3.3/avr5\libgcc.a(_udivdi3.o)
                                0x18a (size before relaxing)
 .debug_str     0x0000016f        0xa d:/embedded_projects_atmega32/sdk_win_64/sdk_win_64/winavr/bin/../lib/gcc/avr/4.3.3/avr5\libgcc.a(_umoddi3.o)
                                0x18a (size before relaxing)
 .debug_str     0x00000179      0x14d d:/embedded_projects_atmega32/sdk_win_64/sdk_win_64/winavr/bin/../lib/gcc/avr/4.3.3/avr5\libgcc.a(_addsub_sf.o)
                                0x206 (size before relaxing)
 .debug_str     0x000002c6       0x27 d:/embedded_projects_atmega32/sdk_win_64/sdk_win_64/winavr/bin/../lib/gcc/avr/4.3.3/avr5\libgcc.a(_mul_sf.o)
                                0x1bf (size before relaxing)
 .debug_str     0x000002ed        0x8 d:/embedded_projects_atmega32/sdk_win_64/sdk_win_64/winavr/bin/../lib/gcc/avr/4.3.3/avr5\libgcc.a(_gt_sf.o)
                                0x195 (size before relaxing)
 .debug_str     0x000002f5        0x8 d:/embedded_projects_atmega32/sdk_win_64/sdk_win_64/winavr/bin/../lib/gcc/avr/4.3.3/avr5\libgcc.a(_ge_sf.o)
                                0x195 (size before relaxing)
 .debug_str     0x000002fd        0x8 d:/embedded_projects_atmega32/sdk_win_64/sdk_win_64/winavr/bin/../lib/gcc/avr/4.3.3/avr5\libgcc.a(_lt_sf.o)
                                0x195 (size before relaxing)
 .debug_str     0x00000305        0xa d:/embedded_projects_atmega32/sdk_win_64/sdk_win_64/winavr/bin/../lib/gcc/avr/4.3.3/avr5\libgcc.a(_sf_to_si.o)
                                0x19e (size before relaxing)
 .debug_str     0x00000000      0x103 d:/embedded_projects_atmega32/sdk_win_64/sdk_win_64/winavr/bin/../lib/gcc/avr/4.3.3/avr5\libgcc.a(_thenan_sf.o)
 .debug_str     0x00000000       0xf4 d:/embedded_projects_atmega32/sdk_win_64/sdk_win_64/winavr/bin/../lib/gcc/avr/4.3.3/avr5\libgcc.a(_clz.o)
 .debug_str     0x0000030f       0x16 d:/embedded_projects_atmega32/sdk_win_64/sdk_win_64/winavr/bin/../lib/gcc/avr/4.3.3/avr5\libgcc.a(_pack_sf.o)
                                0x19d (size before relaxing)
 .debug_str     0x00000325        0xb d:/embedded_projects_atmega32/sdk_win_64/sdk_win_64/winavr/bin/../lib/gcc/avr/4.3.3/avr5\libgcc.a(_unpack_sf.o)
                                0x17f (size before relaxing)
 .debug_str     0x00000330       0x10 d:/embedded_projects_atmega32/sdk_win_64/sdk_win_64/winavr/bin/../lib/gcc/avr/4.3.3/avr5\libgcc.a(_fpcmp_parts_sf.o)
                                0x163 (size before relaxing)

.debug_loc      0x00000000     0x21ec
 *(.debug_loc)
 .debug_loc     0x00000000       0xf8 d:/embedded_projects_atmega32/sdk_win_64/sdk_win_64/winavr/bin/../lib/gcc/avr/4.3.3/avr5\libgcc.a(_ashldi3.o)
 .debug_loc     0x000000f8       0x34 d:/embedded_projects_atmega32/sdk_win_64/sdk_win_64/winavr/bin/../lib/gcc/avr/4.3.3/avr5\libgcc.a(_fixunssfsi.o)
 .debug_loc     0x0000012c      0xe74 d:/embedded_projects_atmega32/sdk_win_64/sdk_win_64/winavr/bin/../lib/gcc/avr/4.3.3/avr5\libgcc.a(_udivdi3.o)
 .debug_loc     0x00000fa0      0xab2 d:/embedded_projects_atmega32/sdk_win_64/sdk_win_64/winavr/bin/../lib/gcc/avr/4.3.3/avr5\libgcc.a(_umoddi3.o)
 .debug_loc     0x00001a52      0x32a d:/embedded_projects_atmega32/sdk_win_64/sdk_win_64/winavr/bin/../lib/gcc/avr/4.3.3/avr5\libgcc.a(_addsub_sf.o)
 .debug_loc     0x00001d7c      0x104 d:/embedded_projects_atmega32/sdk_win_64/sdk_win_64/winavr/bin/../lib/gcc/avr/4.3.3/avr5\libgcc.a(_mul_sf.o)
 .debug_loc     0x00001e80       0x3c d:/embedded_projects_atmega32/sdk_win_64/sdk_win_64/winavr/bin/../lib/gcc/avr/4.3.3/avr5\libgcc.a(_gt_sf.o)
 .debug_loc     0x00001ebc       0x3c d:/embedded_projects_atmega32/sdk_win_64/sdk_win_64/winavr/bin/../lib/gcc/avr/4.3.3/avr5\libgcc.a(_ge_sf.o)
 .debug_loc     0x00001ef8       0x3c d:/embedded_projects_atmega32/sdk_win_64/sdk_win_64/winavr/bin/../lib/gcc/avr/4.3.3/avr5\libgcc.a(_lt_sf.o)
 .debug_loc     0x00001f34       0x7e d:/embedded_projects_atmega32/sdk_win_64/sdk_win_64/winavr/bin/../lib/gcc/avr/4.3.3/avr5\libgcc.a(_sf_to_si.o)
 .debug_loc     0x00001fb2      0x13e d:/embedded_projects_atmega32/sdk_win_64/sdk_win_64/winavr/bin/../lib/gcc/avr/4.3.3/avr5\libgcc.a(_pack_sf.o)
 .debug_loc     0x000020f0       0xac d:/embedded_projects_atmega32/sdk_win_64/sdk_win_64/winavr/bin/../lib/gcc/avr/4.3.3/avr5\libgcc.a(_unpack_sf.o)
 .debug_loc     0x0000219c       0x50 d:/embedded_projects_atmega32/sdk_win_64/sdk_win_64/winavr/bin/../lib/gcc/avr/4.3.3/avr5\libgcc.a(_fpcmp_parts_sf.o)

.debug_macinfo
 *(.debug_macinfo)
OUTPUT(ATMEGA32.elf elf32-avr)
LOAD linker stubs

.debug_ranges   0x00000000       0x80
 .debug_ranges  0x00000000       0x18 d:/embedded_projects_atmega32/sdk_win_64/sdk_win_64/winavr/bin/../lib/gcc/avr/4.3.3/avr5\libgcc.a(_udivdi3.o)
 .debug_ranges  0x00000018       0x18 d:/embedded_projects_atmega32/sdk_win_64/sdk_win_64/winavr/bin/../lib/gcc/avr/4.3.3/avr5\libgcc.a(_umoddi3.o)
 .debug_ranges  0x00000030       0x50 d:/embedded_projects_atmega32/sdk_win_64/sdk_win_64/winavr/bin/../lib/gcc/avr/4.3.3/avr5\libgcc.a(_mul_sf.o)
