Archive member included because of file (symbol)

d:/embedded_projects_atmega32/sdk_win_64/sdk_win_64/winavr/bin/../lib/gcc/avr/4.3.3/avr5\libgcc.a(_udivmodqi4.o)
                              ./main.o (__udivmodqi4)
d:/embedded_projects_atmega32/sdk_win_64/sdk_win_64/winavr/bin/../lib/gcc/avr/4.3.3/avr5\libgcc.a(_exit.o)
                              d:/embedded_projects_atmega32/sdk_win_64/sdk_win_64/winavr/bin/../lib/gcc/avr/4.3.3/../../../../avr/lib/avr5/crtm32.o (exit)
d:/embedded_projects_atmega32/sdk_win_64/sdk_win_64/winavr/bin/../lib/gcc/avr/4.3.3/avr5\libgcc.a(_copy_data.o)
                              ./HAL/SSD/SSD_program.o (__do_copy_data)
d:/embedded_projects_atmega32/sdk_win_64/sdk_win_64/winavr/bin/../lib/gcc/avr/4.3.3/avr5\libgcc.a(_clear_bss.o)
                              ./main.o (__do_clear_bss)

Memory Configuration

Name             Origin             Length             Attributes
text             0x00000000         0x00020000         xr
data             0x00800060         0x0000ffa0         rw !x
eeprom           0x00810000         0x00010000         rw !x
fuse             0x00820000         0x00000400         rw !x
lock             0x00830000         0x00000400         rw !x
signature        0x00840000         0x00000400         rw !x
*default*        0x00000000         0xffffffff

Linker script and memory map

LOAD d:/embedded_projects_atmega32/sdk_win_64/sdk_win_64/winavr/bin/../lib/gcc/avr/4.3.3/../../../../avr/lib/avr5/crtm32.o
LOAD ./MCAL/GPIO/GPIO_program.o
LOAD ./HAL/SW/SW_program.o
LOAD ./HAL/SSD/SSD_program.o
LOAD ./HAL/LED/LED_program.o
LOAD ./HAL/BUZ/BUZ_program.o
LOAD ./main.o
LOAD d:/embedded_projects_atmega32/sdk_win_64/sdk_win_64/winavr/bin/../lib/gcc/avr/4.3.3/avr5\libgcc.a
LOAD d:/embedded_projects_atmega32/sdk_win_64/sdk_win_64/winavr/bin/../lib/gcc/avr/4.3.3/../../../../avr/lib/avr5\libc.a
LOAD d:/embedded_projects_atmega32/sdk_win_64/sdk_win_64/winavr/bin/../lib/gcc/avr/4.3.3/avr5\libgcc.a

.hash
 *(.hash)

.dynsym
 *(.dynsym)

.dynstr
 *(.dynstr)

.gnu.version
 *(.gnu.version)

.gnu.version_d
 *(.gnu.version_d)

.gnu.version_r
 *(.gnu.version_r)

.rel.init
 *(.rel.init)

.rela.init
 *(.rela.init)

.rel.text
 *(.rel.text)
 *(.rel.text.*)
 *(.rel.gnu.linkonce.t*)

.rela.text
 *(.rela.text)
 *(.rela.text.*)
 *(.rela.gnu.linkonce.t*)

.rel.fini
 *(.rel.fini)

.rela.fini
 *(.rela.fini)

.rel.rodata
 *(.rel.rodata)
 *(.rel.rodata.*)
 *(.rel.gnu.linkonce.r*)

.rela.rodata
 *(.rela.rodata)
 *(.rela.rodata.*)
 *(.rela.gnu.linkonce.r*)

.rel.data
 *(.rel.data)
 *(.rel.data.*)
 *(.rel.gnu.linkonce.d*)

.rela.data
 *(.rela.data)
 *(.rela.data.*)
 *(.rela.gnu.linkonce.d*)

.rel.ctors
 *(.rel.ctors)

.rela.ctors
 *(.rela.ctors)

.rel.dtors
 *(.rel.dtors)

.rela.dtors
 *(.rela.dtors)

.rel.got
 *(.rel.got)

.rela.got
 *(.rela.got)

.rel.bss
 *(.rel.bss)

.rela.bss
 *(.rela.bss)

.rel.plt
 *(.rel.plt)

.rela.plt
 *(.rela.plt)

.text           0x00000000     0x1272
 *(.vectors)
 .vectors       0x00000000       0x54 d:/embedded_projects_atmega32/sdk_win_64/sdk_win_64/winavr/bin/../lib/gcc/avr/4.3.3/../../../../avr/lib/avr5/crtm32.o
                0x00000000                __vectors
                0x00000000                __vector_default
 *(.vectors)
 *(.progmem.gcc*)
 *(.progmem*)
                0x00000054                . = ALIGN (0x2)
                0x00000054                __trampolines_start = .
 *(.trampolines)
 .trampolines   0x00000054        0x0 linker stubs
 *(.trampolines*)
                0x00000054                __trampolines_end = .
 *(.jumptables)
 *(.jumptables*)
 *(.lowtext)
 *(.lowtext*)
                0x00000054                __ctors_start = .
 *(.ctors)
                0x00000054                __ctors_end = .
                0x00000054                __dtors_start = .
 *(.dtors)
                0x00000054                __dtors_end = .
 SORT(*)(.ctors)
 SORT(*)(.dtors)
 *(.init0)
 .init0         0x00000054        0x0 d:/embedded_projects_atmega32/sdk_win_64/sdk_win_64/winavr/bin/../lib/gcc/avr/4.3.3/../../../../avr/lib/avr5/crtm32.o
                0x00000054                __init
 *(.init0)
 *(.init1)
 *(.init1)
 *(.init2)
 .init2         0x00000054        0xc d:/embedded_projects_atmega32/sdk_win_64/sdk_win_64/winavr/bin/../lib/gcc/avr/4.3.3/../../../../avr/lib/avr5/crtm32.o
 *(.init2)
 *(.init3)
 *(.init3)
 *(.init4)
 .init4         0x00000060       0x16 d:/embedded_projects_atmega32/sdk_win_64/sdk_win_64/winavr/bin/../lib/gcc/avr/4.3.3/avr5\libgcc.a(_copy_data.o)
                0x00000060                __do_copy_data
 .init4         0x00000076       0x10 d:/embedded_projects_atmega32/sdk_win_64/sdk_win_64/winavr/bin/../lib/gcc/avr/4.3.3/avr5\libgcc.a(_clear_bss.o)
                0x00000076                __do_clear_bss
 *(.init4)
 *(.init5)
 *(.init5)
 *(.init6)
 *(.init6)
 *(.init7)
 *(.init7)
 *(.init8)
 *(.init8)
 *(.init9)
 .init9         0x00000086        0x8 d:/embedded_projects_atmega32/sdk_win_64/sdk_win_64/winavr/bin/../lib/gcc/avr/4.3.3/../../../../avr/lib/avr5/crtm32.o
 *(.init9)
 *(.text)
 .text          0x0000008e        0x4 d:/embedded_projects_atmega32/sdk_win_64/sdk_win_64/winavr/bin/../lib/gcc/avr/4.3.3/../../../../avr/lib/avr5/crtm32.o
                0x0000008e                __vector_1
                0x0000008e                __vector_12
                0x0000008e                __bad_interrupt
                0x0000008e                __vector_6
                0x0000008e                __vector_3
                0x0000008e                __vector_11
                0x0000008e                __vector_13
                0x0000008e                __vector_17
                0x0000008e                __vector_19
                0x0000008e                __vector_7
                0x0000008e                __vector_5
                0x0000008e                __vector_4
                0x0000008e                __vector_9
                0x0000008e                __vector_2
                0x0000008e                __vector_15
                0x0000008e                __vector_8
                0x0000008e                __vector_14
                0x0000008e                __vector_10
                0x0000008e                __vector_16
                0x0000008e                __vector_18
                0x0000008e                __vector_20
 .text          0x00000092        0x0 ./MCAL/GPIO/GPIO_program.o
 .text          0x00000092        0x0 ./HAL/SW/SW_program.o
 .text          0x00000092        0x0 ./HAL/SSD/SSD_program.o
 .text          0x00000092        0x0 ./HAL/LED/LED_program.o
 .text          0x00000092        0x0 ./HAL/BUZ/BUZ_program.o
 .text          0x00000092        0x0 ./main.o
 .text          0x00000092        0x0 d:/embedded_projects_atmega32/sdk_win_64/sdk_win_64/winavr/bin/../lib/gcc/avr/4.3.3/avr5\libgcc.a(_udivmodqi4.o)
 .text          0x00000092        0x0 d:/embedded_projects_atmega32/sdk_win_64/sdk_win_64/winavr/bin/../lib/gcc/avr/4.3.3/avr5\libgcc.a(_exit.o)
 .text          0x00000092        0x0 d:/embedded_projects_atmega32/sdk_win_64/sdk_win_64/winavr/bin/../lib/gcc/avr/4.3.3/avr5\libgcc.a(_copy_data.o)
 .text          0x00000092        0x0 d:/embedded_projects_atmega32/sdk_win_64/sdk_win_64/winavr/bin/../lib/gcc/avr/4.3.3/avr5\libgcc.a(_clear_bss.o)
                0x00000092                . = ALIGN (0x2)
 *(.text.*)
 .text.GPIO_enumSetPinDirection
                0x00000092      0x21e ./MCAL/GPIO/GPIO_program.o
                0x00000092                GPIO_enumSetPinDirection
 .text.GPIO_enumSetPinValue
                0x000002b0      0x21e ./MCAL/GPIO/GPIO_program.o
                0x000002b0                GPIO_enumSetPinValue
 .text.GPIO_enumGetPinValue
                0x000004ce      0x132 ./MCAL/GPIO/GPIO_program.o
                0x000004ce                GPIO_enumGetPinValue
 .text.GPIO_enumTogglePinValue
                0x00000600      0x118 ./MCAL/GPIO/GPIO_program.o
                0x00000600                GPIO_enumTogglePinValue
 .text.GPIO_enumSetPortDirection
                0x00000718       0x96 ./MCAL/GPIO/GPIO_program.o
                0x00000718                GPIO_enumSetPortDirection
 .text.GPIO_enumSetPortValue
                0x000007ae       0x96 ./MCAL/GPIO/GPIO_program.o
                0x000007ae                GPIO_enumSetPortValue
 .text.GPIO_enumGetPortValue
                0x00000844       0xb4 ./MCAL/GPIO/GPIO_program.o
                0x00000844                GPIO_enumGetPortValue
 .text.GPIO_enumTogglePortValue
                0x000008f8       0xaa ./MCAL/GPIO/GPIO_program.o
                0x000008f8                GPIO_enumTogglePortValue
 .text.GPIO_enumWriteHighNibbles
                0x000009a2      0x142 ./MCAL/GPIO/GPIO_program.o
                0x000009a2                GPIO_enumWriteHighNibbles
 .text.GPIO_enumWriteLowNibbles
                0x00000ae4      0x11a ./MCAL/GPIO/GPIO_program.o
                0x00000ae4                GPIO_enumWriteLowNibbles
 .text.SW_voidInit
                0x00000bfe       0x2a ./HAL/SW/SW_program.o
                0x00000bfe                SW_voidInit
 .text.SW_u8GetPressed
                0x00000c28       0x72 ./HAL/SW/SW_program.o
                0x00000c28                SW_u8GetPressed
 .text.SSD_voidInitDataPort
                0x00000c9a       0x2a ./HAL/SSD/SSD_program.o
                0x00000c9a                SSD_voidInitDataPort
 .text.SSD_voidEnable
                0x00000cc4       0x60 ./HAL/SSD/SSD_program.o
                0x00000cc4                SSD_voidEnable
 .text.SSD_voidInitDisable
                0x00000d24       0x60 ./HAL/SSD/SSD_program.o
                0x00000d24                SSD_voidInitDisable
 .text.SSD_voidSendNumber
                0x00000d84       0x6a ./HAL/SSD/SSD_program.o
                0x00000d84                SSD_voidSendNumber
 .text.SSD_voidWithDecoder
                0x00000dee       0x3c ./HAL/SSD/SSD_program.o
                0x00000dee                SSD_voidWithDecoder
 .text.LED_voidInit
                0x00000e2a       0x2a ./HAL/LED/LED_program.o
                0x00000e2a                LED_voidInit
 .text.LED_voidOn
                0x00000e54       0x44 ./HAL/LED/LED_program.o
                0x00000e54                LED_voidOn
 .text.LED_voidOff
                0x00000e98       0x44 ./HAL/LED/LED_program.o
                0x00000e98                LED_voidOff
 .text.LED_voidToggle
                0x00000edc       0x28 ./HAL/LED/LED_program.o
                0x00000edc                LED_voidToggle
 .text.BUZ_voidInit
                0x00000f04       0x2a ./HAL/BUZ/BUZ_program.o
                0x00000f04                BUZ_voidInit
 .text.BUZ_voidOn
                0x00000f2e       0x44 ./HAL/BUZ/BUZ_program.o
                0x00000f2e                BUZ_voidOn
 .text.BUZ_voidOff
                0x00000f72       0x44 ./HAL/BUZ/BUZ_program.o
                0x00000f72                BUZ_voidOff
 .text.BUZ_voidToggle
                0x00000fb6       0x28 ./HAL/BUZ/BUZ_program.o
                0x00000fb6                BUZ_voidToggle
 .text.main     0x00000fde       0xbc ./main.o
                0x00000fde                main
 .text.app      0x0000109a       0x6e ./main.o
                0x0000109a                app
 .text.Increment_Number
                0x00001108       0x64 ./main.o
                0x00001108                Increment_Number
 .text.Decrement_Number
                0x0000116c       0x64 ./main.o
                0x0000116c                Decrement_Number
 .text.ShowResult
                0x000011d0       0x44 ./main.o
                0x000011d0                ShowResult
 .text.Reset    0x00001214       0x42 ./main.o
                0x00001214                Reset
 .text.libgcc   0x00001256       0x18 d:/embedded_projects_atmega32/sdk_win_64/sdk_win_64/winavr/bin/../lib/gcc/avr/4.3.3/avr5\libgcc.a(_udivmodqi4.o)
                0x00001256                __udivmodqi4
 .text.libgcc   0x0000126e        0x0 d:/embedded_projects_atmega32/sdk_win_64/sdk_win_64/winavr/bin/../lib/gcc/avr/4.3.3/avr5\libgcc.a(_exit.o)
 .text.libgcc   0x0000126e        0x0 d:/embedded_projects_atmega32/sdk_win_64/sdk_win_64/winavr/bin/../lib/gcc/avr/4.3.3/avr5\libgcc.a(_copy_data.o)
 .text.libgcc   0x0000126e        0x0 d:/embedded_projects_atmega32/sdk_win_64/sdk_win_64/winavr/bin/../lib/gcc/avr/4.3.3/avr5\libgcc.a(_clear_bss.o)
                0x0000126e                . = ALIGN (0x2)
 *(.fini9)
 .fini9         0x0000126e        0x0 d:/embedded_projects_atmega32/sdk_win_64/sdk_win_64/winavr/bin/../lib/gcc/avr/4.3.3/avr5\libgcc.a(_exit.o)
                0x0000126e                exit
                0x0000126e                _exit
 *(.fini9)
 *(.fini8)
 *(.fini8)
 *(.fini7)
 *(.fini7)
 *(.fini6)
 *(.fini6)
 *(.fini5)
 *(.fini5)
 *(.fini4)
 *(.fini4)
 *(.fini3)
 *(.fini3)
 *(.fini2)
 *(.fini2)
 *(.fini1)
 *(.fini1)
 *(.fini0)
 .fini0         0x0000126e        0x4 d:/embedded_projects_atmega32/sdk_win_64/sdk_win_64/winavr/bin/../lib/gcc/avr/4.3.3/avr5\libgcc.a(_exit.o)
 *(.fini0)
                0x00001272                _etext = .

.data           0x00800060       0x1c load address 0x00001272
                0x00800060                PROVIDE (__data_start, .)
 *(.data)
 .data          0x00800060        0x0 d:/embedded_projects_atmega32/sdk_win_64/sdk_win_64/winavr/bin/../lib/gcc/avr/4.3.3/../../../../avr/lib/avr5/crtm32.o
 .data          0x00800060        0x0 ./MCAL/GPIO/GPIO_program.o
 .data          0x00800060        0x0 ./HAL/SW/SW_program.o
 .data          0x00800060        0x0 ./HAL/SSD/SSD_program.o
 .data          0x00800060        0x0 ./HAL/LED/LED_program.o
 .data          0x00800060        0x0 ./HAL/BUZ/BUZ_program.o
 .data          0x00800060        0x0 ./main.o
 .data          0x00800060        0x0 d:/embedded_projects_atmega32/sdk_win_64/sdk_win_64/winavr/bin/../lib/gcc/avr/4.3.3/avr5\libgcc.a(_udivmodqi4.o)
 .data          0x00800060        0x0 d:/embedded_projects_atmega32/sdk_win_64/sdk_win_64/winavr/bin/../lib/gcc/avr/4.3.3/avr5\libgcc.a(_exit.o)
 .data          0x00800060        0x0 d:/embedded_projects_atmega32/sdk_win_64/sdk_win_64/winavr/bin/../lib/gcc/avr/4.3.3/avr5\libgcc.a(_copy_data.o)
 .data          0x00800060        0x0 d:/embedded_projects_atmega32/sdk_win_64/sdk_win_64/winavr/bin/../lib/gcc/avr/4.3.3/avr5\libgcc.a(_clear_bss.o)
 *(.data*)
 .data.Local_u8SSDNumbers
                0x00800060        0xa ./HAL/SSD/SSD_program.o
 .data.SW_count1_INC
                0x0080006a        0x3 ./main.o
                0x0080006a                SW_count1_INC
 .data.SW_count1_DEC
                0x0080006d        0x3 ./main.o
                0x0080006d                SW_count1_DEC
 .data.SW_count2_INC
                0x00800070        0x3 ./main.o
                0x00800070                SW_count2_INC
 .data.SW_count2_DEC
                0x00800073        0x3 ./main.o
                0x00800073                SW_count2_DEC
 .data.SW_Show_Result
                0x00800076        0x3 ./main.o
                0x00800076                SW_Show_Result
 .data.SW_Reset
                0x00800079        0x3 ./main.o
                0x00800079                SW_Reset
 *(.rodata)
 *(.rodata*)
 *(.gnu.linkonce.d*)
                0x0080007c                . = ALIGN (0x2)
                0x0080007c                _edata = .
                0x0080007c                PROVIDE (__data_end, .)

.bss            0x0080007c        0x3
                0x0080007c                PROVIDE (__bss_start, .)
 *(.bss)
 .bss           0x0080007c        0x0 d:/embedded_projects_atmega32/sdk_win_64/sdk_win_64/winavr/bin/../lib/gcc/avr/4.3.3/../../../../avr/lib/avr5/crtm32.o
 .bss           0x0080007c        0x0 ./MCAL/GPIO/GPIO_program.o
 .bss           0x0080007c        0x0 ./HAL/SW/SW_program.o
 .bss           0x0080007c        0x0 ./HAL/SSD/SSD_program.o
 .bss           0x0080007c        0x0 ./HAL/LED/LED_program.o
 .bss           0x0080007c        0x0 ./HAL/BUZ/BUZ_program.o
 .bss           0x0080007c        0x0 ./main.o
 .bss           0x0080007c        0x0 d:/embedded_projects_atmega32/sdk_win_64/sdk_win_64/winavr/bin/../lib/gcc/avr/4.3.3/avr5\libgcc.a(_udivmodqi4.o)
 .bss           0x0080007c        0x0 d:/embedded_projects_atmega32/sdk_win_64/sdk_win_64/winavr/bin/../lib/gcc/avr/4.3.3/avr5\libgcc.a(_exit.o)
 .bss           0x0080007c        0x0 d:/embedded_projects_atmega32/sdk_win_64/sdk_win_64/winavr/bin/../lib/gcc/avr/4.3.3/avr5\libgcc.a(_copy_data.o)
 .bss           0x0080007c        0x0 d:/embedded_projects_atmega32/sdk_win_64/sdk_win_64/winavr/bin/../lib/gcc/avr/4.3.3/avr5\libgcc.a(_clear_bss.o)
 *(.bss*)
 .bss.Count1    0x0080007c        0x1 ./main.o
                0x0080007c                Count1
 .bss.Count2    0x0080007d        0x1 ./main.o
                0x0080007d                Count2
 .bss.Result    0x0080007e        0x1 ./main.o
                0x0080007e                Result
 *(COMMON)
                0x0080007f                PROVIDE (__bss_end, .)
                0x00001272                __data_load_start = LOADADDR (.data)
                0x0000128e                __data_load_end = (__data_load_start + SIZEOF (.data))

.noinit         0x0080007f        0x0
                0x0080007f                PROVIDE (__noinit_start, .)
 *(.noinit*)
                0x0080007f                PROVIDE (__noinit_end, .)
                0x0080007f                _end = .
                0x0080007f                PROVIDE (__heap_start, .)

.eeprom         0x00810000        0x0
 *(.eeprom*)
                0x00810000                __eeprom_end = .

.fuse
 *(.fuse)
 *(.lfuse)
 *(.hfuse)
 *(.efuse)

.lock
 *(.lock*)

.signature
 *(.signature*)

.stab           0x00000000     0x1d64
 *(.stab)
 .stab          0x00000000      0xad4 ./MCAL/GPIO/GPIO_program.o
 .stab          0x00000ad4      0x300 ./HAL/SW/SW_program.o
                                0x30c (size before relaxing)
 .stab          0x00000dd4      0x3d8 ./HAL/SSD/SSD_program.o
                                0x3e4 (size before relaxing)
 .stab          0x000011ac      0x2f4 ./HAL/LED/LED_program.o
                                0x300 (size before relaxing)
 .stab          0x000014a0      0x2f4 ./HAL/BUZ/BUZ_program.o
                                0x300 (size before relaxing)
 .stab          0x00001794      0x5d0 ./main.o
                                0x6cc (size before relaxing)

.stabstr        0x00000000     0x10b3
 *(.stabstr)
 .stabstr       0x00000000     0x10b3 ./MCAL/GPIO/GPIO_program.o

.stab.excl
 *(.stab.excl)

.stab.exclstr
 *(.stab.exclstr)

.stab.index
 *(.stab.index)

.stab.indexstr
 *(.stab.indexstr)

.comment
 *(.comment)

.debug
 *(.debug)

.line
 *(.line)

.debug_srcinfo
 *(.debug_srcinfo)

.debug_sfnames
 *(.debug_sfnames)

.debug_aranges
 *(.debug_aranges)

.debug_pubnames
 *(.debug_pubnames)

.debug_info
 *(.debug_info)
 *(.gnu.linkonce.wi.*)

.debug_abbrev
 *(.debug_abbrev)

.debug_line
 *(.debug_line)

.debug_frame
 *(.debug_frame)

.debug_str
 *(.debug_str)

.debug_loc
 *(.debug_loc)

.debug_macinfo
 *(.debug_macinfo)
OUTPUT(ATMEGA32.elf elf32-avr)
LOAD linker stubs
